******************************************************************************
                  MSP430 Linker PC v20.2.1                     
******************************************************************************
>> Linked Fri May 22 20:31:46 2020

OUTPUT FILE NAME:   <FaceFirmware - CCS.out>
ENTRY POINT SYMBOL: "_c_int00_noargs"  address: 0000ca7a


MEMORY CONFIGURATION

         name            origin    length      used     unused   attr    fill
----------------------  --------  ---------  --------  --------  ----  --------
  SFR                   00000000   00000010  00000000  00000010  RWIX
  PERIPHERALS_8BIT      00000010   000000f0  00000000  000000f0  RWIX
  PERIPHERALS_16BIT     00000100   00000100  00000000  00000100  RWIX
  RAM                   00000200   00000200  0000009a  00000166  RWIX
  INFOD                 00001000   00000040  00000000  00000040  RWIX
  INFOC                 00001040   00000040  00000000  00000040  RWIX
  INFOB                 00001080   00000040  00000000  00000040  RWIX
  INFOA                 000010c0   00000040  00000000  00000040  RWIX
  FLASH                 0000c000   00003fde  00000c58  00003386  RWIX
  BSLSIGNATURE          0000ffde   00000002  00000002  00000000  RWIX  ffff 
  INT00                 0000ffe0   00000002  00000002  00000000  RWIX
  INT01                 0000ffe2   00000002  00000000  00000002  RWIX
  INT02                 0000ffe4   00000002  00000002  00000000  RWIX
  INT03                 0000ffe6   00000002  00000002  00000000  RWIX
  INT04                 0000ffe8   00000002  00000000  00000002  RWIX
  INT05                 0000ffea   00000002  00000002  00000000  RWIX
  INT06                 0000ffec   00000002  00000002  00000000  RWIX
  INT07                 0000ffee   00000002  00000002  00000000  RWIX
  INT08                 0000fff0   00000002  00000002  00000000  RWIX
  INT09                 0000fff2   00000002  00000002  00000000  RWIX
  INT10                 0000fff4   00000002  00000002  00000000  RWIX
  INT11                 0000fff6   00000002  00000000  00000002  RWIX
  INT12                 0000fff8   00000002  00000002  00000000  RWIX
  INT13                 0000fffa   00000002  00000002  00000000  RWIX
  INT14                 0000fffc   00000002  00000002  00000000  RWIX
  RESET                 0000fffe   00000002  00000002  00000000  RWIX


SECTION ALLOCATION MAP

 output                                  attributes/
section   page    origin      length       input sections
--------  ----  ----------  ----------   ----------------
.bss       0    00000200    00000048     UNINITIALIZED
                  00000200    00000034     ws2812.obj (.bss:leds)
                  00000234    00000012     (.common:baseCnt)
                  00000246    00000002     (.common:measCnt)

.data      0    00000248    00000002     UNINITIALIZED
                  00000248    00000002     CTS_Layer.obj (.data)

.stack     0    000003b0    00000050     UNINITIALIZED
                  000003b0    00000002     rts430_eabi.lib : boot.c.obj (.stack)
                  000003b2    0000004e     --HOLE--

.text      0    0000c000    00000b6a     
                  0000c000    00000420     CTS_Layer.obj (.text:TI_CAPT_Custom)
                  0000c420    00000154     CTS_HAL.obj (.text:TI_CTS_fRO_PINOSC_TA0_TA1_HAL)
                  0000c574    000000e8     main.obj (.text:main)
                  0000c65c    000000bc     main.obj (.text:InitCapSenseButtons)
                  0000c718    000000b0     ws2812.obj (.text:showStrip)
                  0000c7c8    00000092     main.obj (.text:runCapTouch)
                  0000c85a    0000007c     rts430_eabi.lib : copy_decompress_lzss.c.obj (.text:decompress:lzss:__TI_decompress_lzss)
                  0000c8d6    00000062     CTS_Layer.obj (.text:TI_CAPT_Update_Baseline)
                  0000c938    0000004c     rts430_eabi.lib : lsr16.asm.obj (.text)
                  0000c984    00000042                     : autoinit.c.obj (.text:__TI_auto_init_nobinit_nopinit:__TI_auto_init_nobinit_nopinit)
                  0000c9c6    00000032     ws2812.obj (.text:setLEDColor)
                  0000c9f8    0000002c     ws2812.obj (.text:initStrip)
                  0000ca24    0000002c     rts430_eabi.lib : lsl16.asm.obj (.text)
                  0000ca50    0000002a     ws2812.obj (.text:fillStrip)
                  0000ca7a    0000001c     rts430_eabi.lib : boot.c.obj (.text:_c_int00_noargs)
                  0000ca96    0000001a     CTS_Layer.obj (.text:TI_CAPT_Button)
                  0000cab0    00000014     CTS_Layer.obj (.text:TI_CAPT_Update_Tracking_Rate)
                  0000cac4    00000014     rts430_eabi.lib : copy_zero_init.c.obj (.text:decompress:ZI:__TI_zero_init_nomemset:__TI_zero_init_nomemset)
                  0000cad8    00000012                     : copy_decompress_none.c.obj (.text:decompress:none:__TI_decompress_none)
                  0000caea    00000012                     : memcpy.c.obj (.text:memcpy)
                  0000cafc    00000010     CTS_Layer.obj (.text:TI_CAPT_Init_Baseline)
                  0000cb0c    00000010     rts430_eabi.lib : epilog.asm.obj (.text)
                  0000cb1c    0000000e     CTS_Layer.obj (.text:TI_CAPT_Raw)
                  0000cb2a    0000000e     main.obj (.text:uart_getchar)
                  0000cb38    0000000e     main.obj (.text:uart_putchar)
                  0000cb46    00000008     CTS_HAL.obj (.text:TIMER0_A0_ISR)
                  0000cb4e    00000008     rts430_eabi.lib : isr_trap.asm.obj (.text:_isr:__TI_ISR_TRAP)
                  0000cb56    00000008     ws2812.obj (.text:clearStrip)
                  0000cb5e    00000006     rts430_eabi.lib : exit.c.obj (.text:abort)
                  0000cb64    00000004                     : pre_init.c.obj (.text:_system_pre_init)
                  0000cb68    00000002                     : startup.c.obj (.text:_system_post_cinit)

.const     0    0000cb6a    000000d6     
                  0000cb6a    0000000c     ws2812.obj (.const:ColorMapValues)
                  0000cb76    0000000c     structure.obj (.const:buttonSensor0)
                  0000cb82    0000000c     structure.obj (.const:buttonSensor1)
                  0000cb8e    0000000c     structure.obj (.const:buttonSensor2)
                  0000cb9a    0000000c     structure.obj (.const:buttonSensor3)
                  0000cba6    0000000c     structure.obj (.const:buttonSensor4)
                  0000cbb2    0000000c     structure.obj (.const:buttonSensor5)
                  0000cbbe    0000000c     structure.obj (.const:buttonSensor6)
                  0000cbca    0000000c     structure.obj (.const:buttonSensor7)
                  0000cbd6    0000000c     structure.obj (.const:buttonSensor8)
                  0000cbe2    0000000a     structure.obj (.const:buttonElement0)
                  0000cbec    0000000a     structure.obj (.const:buttonElement1)
                  0000cbf6    0000000a     structure.obj (.const:buttonElement2)
                  0000cc00    0000000a     structure.obj (.const:buttonElement3)
                  0000cc0a    0000000a     structure.obj (.const:buttonElement4)
                  0000cc14    0000000a     structure.obj (.const:buttonElement5)
                  0000cc1e    0000000a     structure.obj (.const:buttonElement6)
                  0000cc28    0000000a     structure.obj (.const:buttonElement7)
                  0000cc32    0000000a     structure.obj (.const:buttonElement8)
                  0000cc3c    00000004     ws2812.obj (.const:.string:ledBitmasks)

.cinit     0    0000cc40    00000018     
                  0000cc40    00000006     (.cinit..data.load) [load image]
                  0000cc46    00000006     (__TI_handler_table)
                  0000cc4c    00000004     (.cinit..bss.load) [load image, compression = zero_init]
                  0000cc50    00000008     (__TI_cinit_table)

.binit     0    0000c000    00000000     

.init_array 
*          0    0000c000    00000000     UNINITIALIZED

TRAPINT    0    0000ffe0    00000002     
                  0000ffe0    00000002     rts430_eabi.lib : int00.asm.obj (.int00)

PORT1      0    0000ffe4    00000002     
                  0000ffe4    00000002     rts430_eabi.lib : int02.asm.obj (.int02)

PORT2      0    0000ffe6    00000002     
                  0000ffe6    00000002     rts430_eabi.lib : int03.asm.obj (.int03)

ADC10      0    0000ffea    00000002     
                  0000ffea    00000002     rts430_eabi.lib : int05.asm.obj (.int05)

USCIAB0TX 
*          0    0000ffec    00000002     
                  0000ffec    00000002     rts430_eabi.lib : int06.asm.obj (.int06)

USCIAB0RX 
*          0    0000ffee    00000002     
                  0000ffee    00000002     rts430_eabi.lib : int07.asm.obj (.int07)

TIMER0_A1 
*          0    0000fff0    00000002     
                  0000fff0    00000002     rts430_eabi.lib : int08.asm.obj (.int08)

TIMER0_A0 
*          0    0000fff2    00000002     
                  0000fff2    00000002     CTS_HAL.obj (.int09)

WDT        0    0000fff4    00000002     
                  0000fff4    00000002     rts430_eabi.lib : int10.asm.obj (.int10)

TIMER1_A1 
*          0    0000fff8    00000002     
                  0000fff8    00000002     rts430_eabi.lib : int12.asm.obj (.int12)

TIMER1_A0 
*          0    0000fffa    00000002     
                  0000fffa    00000002     rts430_eabi.lib : int13.asm.obj (.int13)

NMI        0    0000fffc    00000002     
                  0000fffc    00000002     rts430_eabi.lib : int14.asm.obj (.int14)

.reset     0    0000fffe    00000002     
                  0000fffe    00000002     rts430_eabi.lib : boot.c.obj (.reset)

$fill000   0    0000ffde    00000002     
                  0000ffde    00000002     --HOLE-- [fill = ffff]

MODULE SUMMARY

       Module                       code   ro data   rw data
       ------                       ----   -------   -------
    .\Source\
       CTS_Layer.obj                1230   0         22     
       main.obj                     594    0         0      
       ws2812.obj                   320    16        52     
       CTS_HAL.obj                  348    2         0      
       structure.obj                0      198       0      
    +--+----------------------------+------+---------+---------+
       Total:                       2492   216       74     
                                                            
    C:\ti\ccs1000\ccs\tools\compiler\ti-cgt-msp430_20.2.1.LTS\lib\rts430_eabi.lib
       copy_decompress_lzss.c.obj   124    0         0      
       lsr16.asm.obj                76     0         0      
       autoinit.c.obj               66     0         0      
       lsl16.asm.obj                44     0         0      
       boot.c.obj                   28     2         0      
       copy_zero_init.c.obj         20     0         0      
       copy_decompress_none.c.obj   18     0         0      
       memcpy.c.obj                 18     0         0      
       epilog.asm.obj               16     0         0      
       isr_trap.asm.obj             8      0         0      
       exit.c.obj                   6      0         0      
       pre_init.c.obj               4      0         0      
       int00.asm.obj                0      2         0      
       int02.asm.obj                0      2         0      
       int03.asm.obj                0      2         0      
       int05.asm.obj                0      2         0      
       int06.asm.obj                0      2         0      
       int07.asm.obj                0      2         0      
       int08.asm.obj                0      2         0      
       int10.asm.obj                0      2         0      
       int12.asm.obj                0      2         0      
       int13.asm.obj                0      2         0      
       int14.asm.obj                0      2         0      
       startup.c.obj                2      0         0      
    +--+----------------------------+------+---------+---------+
       Total:                       430    24        0      
                                                            
       Stack:                       0      0         80     
       Linker Generated:            0      24        0      
    +--+----------------------------+------+---------+---------+
       Grand Total:                 2922   264       154    


LINKER GENERATED COPY TABLES

__TI_cinit_table @ 0000cc50 records: 2, size/record: 4, table size: 8
	.data: load addr=0000cc40, load size=00000006 bytes, run addr=00000248, run size=00000002 bytes, compression=copy
	.bss: load addr=0000cc4c, load size=00000004 bytes, run addr=00000200, run size=00000048 bytes, compression=zero_init


LINKER GENERATED HANDLER TABLE

__TI_handler_table @ 0000cc46 records: 3, size/record: 2, table size: 6
	index: 0, handler: __TI_zero_init
	index: 1, handler: __TI_decompress_lzss
	index: 2, handler: __TI_decompress_none


GLOBAL SYMBOLS: SORTED ALPHABETICALLY BY Name 

address   name                          
-------   ----                          
0000004a  ADC10AE0                      
000001b0  ADC10CTL0                     
000001b2  ADC10CTL1                     
00000048  ADC10DTC0                     
00000049  ADC10DTC1                     
000001b4  ADC10MEM                      
000001bc  ADC10SA                       
00000057  BCSCTL1                       
00000058  BCSCTL2                       
00000053  BCSCTL3                       
0000cb5e  C$$EXIT                       
000010fb  CALBC1_12MHZ                  
000010f9  CALBC1_16MHZ                  
000010ff  CALBC1_1MHZ                   
000010fd  CALBC1_8MHZ                   
000010fa  CALDCO_12MHZ                  
000010f8  CALDCO_16MHZ                  
000010fe  CALDCO_1MHZ                   
000010fc  CALDCO_8MHZ                   
00000056  DCOCTL                        
00000128  FCTL1                         
0000012a  FCTL2                         
0000012c  FCTL3                         
00000000  IE1                           
00000001  IE2                           
00000002  IFG1                          
00000003  IFG2                          
0000c65c  InitCapSenseButtons           
00000022  P1DIR                         
00000025  P1IE                          
00000024  P1IES                         
00000023  P1IFG                         
00000020  P1IN                          
00000021  P1OUT                         
00000027  P1REN                         
00000026  P1SEL                         
00000041  P1SEL2                        
0000002a  P2DIR                         
0000002d  P2IE                          
0000002c  P2IES                         
0000002b  P2IFG                         
00000028  P2IN                          
00000029  P2OUT                         
0000002f  P2REN                         
0000002e  P2SEL                         
00000042  P2SEL2                        
0000001a  P3DIR                         
00000018  P3IN                          
00000019  P3OUT                         
00000010  P3REN                         
0000001b  P3SEL                         
00000043  P3SEL2                        
00000172  TA0CCR0                       
00000174  TA0CCR1                       
00000176  TA0CCR2                       
00000162  TA0CCTL0                      
00000164  TA0CCTL1                      
00000166  TA0CCTL2                      
00000160  TA0CTL                        
0000012e  TA0IV                         
00000170  TA0R                          
00000192  TA1CCR0                       
00000194  TA1CCR1                       
00000196  TA1CCR2                       
00000182  TA1CCTL0                      
00000184  TA1CCTL1                      
00000186  TA1CCTL2                      
00000180  TA1CTL                        
0000011e  TA1IV                         
00000190  TA1R                          
0000cb46  TIMER0_A0_ISR                 
0000ca96  TI_CAPT_Button                
0000c000  TI_CAPT_Custom                
0000cafc  TI_CAPT_Init_Baseline         
0000cb1c  TI_CAPT_Raw                   
0000c8d6  TI_CAPT_Update_Baseline       
0000cab0  TI_CAPT_Update_Tracking_Rate  
0000c420  TI_CTS_fRO_PINOSC_TA0_TA1_HAL 
000010db  TLV_ADC10_1_LEN               
000010da  TLV_ADC10_1_TAG               
000010c0  TLV_CHECKSUM                  
000010f7  TLV_DCO_30_LEN                
000010f6  TLV_DCO_30_TAG                
0000005d  UCA0ABCTL                     
00000062  UCA0BR0                       
00000063  UCA0BR1                       
00000060  UCA0CTL0                      
00000061  UCA0CTL1                      
0000005f  UCA0IRRCTL                    
0000005e  UCA0IRTCTL                    
00000064  UCA0MCTL                      
00000066  UCA0RXBUF                     
00000065  UCA0STAT                      
00000067  UCA0TXBUF                     
0000006a  UCB0BR0                       
0000006b  UCB0BR1                       
00000068  UCB0CTL0                      
00000069  UCB0CTL1                      
0000006c  UCB0I2CIE                     
00000118  UCB0I2COA                     
0000011a  UCB0I2CSA                     
0000006e  UCB0RXBUF                     
0000006d  UCB0STAT                      
0000006f  UCB0TXBUF                     
00000120  WDTCTL                        
00000400  __STACK_END                   
00000050  __STACK_SIZE                  
0000cc50  __TI_CINIT_Base               
0000cc58  __TI_CINIT_Limit              
0000cc46  __TI_Handler_Table_Base       
0000cc4c  __TI_Handler_Table_Limit      
0000cb4e  __TI_ISR_TRAP                 
0000c984  __TI_auto_init_nobinit_nopinit
0000c85a  __TI_decompress_lzss          
0000cad8  __TI_decompress_none          
0000ffe0  __TI_int00                    
0000ffe4  __TI_int02                    
0000ffe6  __TI_int03                    
0000ffea  __TI_int05                    
0000ffec  __TI_int06                    
0000ffee  __TI_int07                    
0000fff0  __TI_int08                    
0000fff2  __TI_int09                    
0000fff4  __TI_int10                    
0000fff8  __TI_int12                    
0000fffa  __TI_int13                    
0000fffc  __TI_int14                    
ffffffff  __TI_pprof_out_hndl           
ffffffff  __TI_prof_data_size           
ffffffff  __TI_prof_data_start          
0000cac4  __TI_zero_init_nomemset       
ffffffff  __c_args__                    
0000cb18  __mspabi_func_epilog_1        
0000cb16  __mspabi_func_epilog_2        
0000cb14  __mspabi_func_epilog_3        
0000cb12  __mspabi_func_epilog_4        
0000cb10  __mspabi_func_epilog_5        
0000cb0e  __mspabi_func_epilog_6        
0000cb0c  __mspabi_func_epilog_7        
0000ca24  __mspabi_slli                 
0000ca4c  __mspabi_slli_1               
0000ca3a  __mspabi_slli_10              
0000ca38  __mspabi_slli_11              
0000ca36  __mspabi_slli_12              
0000ca34  __mspabi_slli_13              
0000ca32  __mspabi_slli_14              
0000ca30  __mspabi_slli_15              
0000ca4a  __mspabi_slli_2               
0000ca48  __mspabi_slli_3               
0000ca46  __mspabi_slli_4               
0000ca44  __mspabi_slli_5               
0000ca42  __mspabi_slli_6               
0000ca40  __mspabi_slli_7               
0000ca3e  __mspabi_slli_8               
0000ca3c  __mspabi_slli_9               
0000c938  __mspabi_srli                 
0000c97e  __mspabi_srli_1               
0000c95a  __mspabi_srli_10              
0000c956  __mspabi_srli_11              
0000c952  __mspabi_srli_12              
0000c94e  __mspabi_srli_13              
0000c94a  __mspabi_srli_14              
0000c946  __mspabi_srli_15              
0000c97a  __mspabi_srli_2               
0000c976  __mspabi_srli_3               
0000c972  __mspabi_srli_4               
0000c96e  __mspabi_srli_5               
0000c96a  __mspabi_srli_6               
0000c966  __mspabi_srli_7               
0000c962  __mspabi_srli_8               
0000c95e  __mspabi_srli_9               
0000ca7a  _c_int00_noargs               
0000fffe  _reset_vector                 
000003b0  _stack                        
0000cb68  _system_post_cinit            
0000cb64  _system_pre_init              
0000cb5e  abort                         
00000234  baseCnt                       
0000cbe2  buttonElement0                
0000cbec  buttonElement1                
0000cbf6  buttonElement2                
0000cc00  buttonElement3                
0000cc0a  buttonElement4                
0000cc14  buttonElement5                
0000cc1e  buttonElement6                
0000cc28  buttonElement7                
0000cc32  buttonElement8                
0000cb76  buttonSensor0                 
0000cb82  buttonSensor1                 
0000cb8e  buttonSensor2                 
0000cb9a  buttonSensor3                 
0000cba6  buttonSensor4                 
0000cbb2  buttonSensor5                 
0000cbbe  buttonSensor6                 
0000cbca  buttonSensor7                 
0000cbd6  buttonSensor8                 
0000cb56  clearStrip                    
00000248  ctsStatusReg                  
0000ca50  fillStrip                     
0000c9f8  initStrip                     
0000c574  main                          
00000246  measCnt                       
0000caea  memcpy                        
0000c7c8  runCapTouch                   
0000c9c6  setLEDColor                   
0000c718  showStrip                     
0000cb2a  uart_getchar                  
0000cb38  uart_putchar                  


GLOBAL SYMBOLS: SORTED BY Symbol Address 

address   name                          
-------   ----                          
00000000  IE1                           
00000001  IE2                           
00000002  IFG1                          
00000003  IFG2                          
00000010  P3REN                         
00000018  P3IN                          
00000019  P3OUT                         
0000001a  P3DIR                         
0000001b  P3SEL                         
00000020  P1IN                          
00000021  P1OUT                         
00000022  P1DIR                         
00000023  P1IFG                         
00000024  P1IES                         
00000025  P1IE                          
00000026  P1SEL                         
00000027  P1REN                         
00000028  P2IN                          
00000029  P2OUT                         
0000002a  P2DIR                         
0000002b  P2IFG                         
0000002c  P2IES                         
0000002d  P2IE                          
0000002e  P2SEL                         
0000002f  P2REN                         
00000041  P1SEL2                        
00000042  P2SEL2                        
00000043  P3SEL2                        
00000048  ADC10DTC0                     
00000049  ADC10DTC1                     
0000004a  ADC10AE0                      
00000050  __STACK_SIZE                  
00000053  BCSCTL3                       
00000056  DCOCTL                        
00000057  BCSCTL1                       
00000058  BCSCTL2                       
0000005d  UCA0ABCTL                     
0000005e  UCA0IRTCTL                    
0000005f  UCA0IRRCTL                    
00000060  UCA0CTL0                      
00000061  UCA0CTL1                      
00000062  UCA0BR0                       
00000063  UCA0BR1                       
00000064  UCA0MCTL                      
00000065  UCA0STAT                      
00000066  UCA0RXBUF                     
00000067  UCA0TXBUF                     
00000068  UCB0CTL0                      
00000069  UCB0CTL1                      
0000006a  UCB0BR0                       
0000006b  UCB0BR1                       
0000006c  UCB0I2CIE                     
0000006d  UCB0STAT                      
0000006e  UCB0RXBUF                     
0000006f  UCB0TXBUF                     
00000118  UCB0I2COA                     
0000011a  UCB0I2CSA                     
0000011e  TA1IV                         
00000120  WDTCTL                        
00000128  FCTL1                         
0000012a  FCTL2                         
0000012c  FCTL3                         
0000012e  TA0IV                         
00000160  TA0CTL                        
00000162  TA0CCTL0                      
00000164  TA0CCTL1                      
00000166  TA0CCTL2                      
00000170  TA0R                          
00000172  TA0CCR0                       
00000174  TA0CCR1                       
00000176  TA0CCR2                       
00000180  TA1CTL                        
00000182  TA1CCTL0                      
00000184  TA1CCTL1                      
00000186  TA1CCTL2                      
00000190  TA1R                          
00000192  TA1CCR0                       
00000194  TA1CCR1                       
00000196  TA1CCR2                       
000001b0  ADC10CTL0                     
000001b2  ADC10CTL1                     
000001b4  ADC10MEM                      
000001bc  ADC10SA                       
00000234  baseCnt                       
00000246  measCnt                       
00000248  ctsStatusReg                  
000003b0  _stack                        
00000400  __STACK_END                   
000010c0  TLV_CHECKSUM                  
000010da  TLV_ADC10_1_TAG               
000010db  TLV_ADC10_1_LEN               
000010f6  TLV_DCO_30_TAG                
000010f7  TLV_DCO_30_LEN                
000010f8  CALDCO_16MHZ                  
000010f9  CALBC1_16MHZ                  
000010fa  CALDCO_12MHZ                  
000010fb  CALBC1_12MHZ                  
000010fc  CALDCO_8MHZ                   
000010fd  CALBC1_8MHZ                   
000010fe  CALDCO_1MHZ                   
000010ff  CALBC1_1MHZ                   
0000c000  TI_CAPT_Custom                
0000c420  TI_CTS_fRO_PINOSC_TA0_TA1_HAL 
0000c574  main                          
0000c65c  InitCapSenseButtons           
0000c718  showStrip                     
0000c7c8  runCapTouch                   
0000c85a  __TI_decompress_lzss          
0000c8d6  TI_CAPT_Update_Baseline       
0000c938  __mspabi_srli                 
0000c946  __mspabi_srli_15              
0000c94a  __mspabi_srli_14              
0000c94e  __mspabi_srli_13              
0000c952  __mspabi_srli_12              
0000c956  __mspabi_srli_11              
0000c95a  __mspabi_srli_10              
0000c95e  __mspabi_srli_9               
0000c962  __mspabi_srli_8               
0000c966  __mspabi_srli_7               
0000c96a  __mspabi_srli_6               
0000c96e  __mspabi_srli_5               
0000c972  __mspabi_srli_4               
0000c976  __mspabi_srli_3               
0000c97a  __mspabi_srli_2               
0000c97e  __mspabi_srli_1               
0000c984  __TI_auto_init_nobinit_nopinit
0000c9c6  setLEDColor                   
0000c9f8  initStrip                     
0000ca24  __mspabi_slli                 
0000ca30  __mspabi_slli_15              
0000ca32  __mspabi_slli_14              
0000ca34  __mspabi_slli_13              
0000ca36  __mspabi_slli_12              
0000ca38  __mspabi_slli_11              
0000ca3a  __mspabi_slli_10              
0000ca3c  __mspabi_slli_9               
0000ca3e  __mspabi_slli_8               
0000ca40  __mspabi_slli_7               
0000ca42  __mspabi_slli_6               
0000ca44  __mspabi_slli_5               
0000ca46  __mspabi_slli_4               
0000ca48  __mspabi_slli_3               
0000ca4a  __mspabi_slli_2               
0000ca4c  __mspabi_slli_1               
0000ca50  fillStrip                     
0000ca7a  _c_int00_noargs               
0000ca96  TI_CAPT_Button                
0000cab0  TI_CAPT_Update_Tracking_Rate  
0000cac4  __TI_zero_init_nomemset       
0000cad8  __TI_decompress_none          
0000caea  memcpy                        
0000cafc  TI_CAPT_Init_Baseline         
0000cb0c  __mspabi_func_epilog_7        
0000cb0e  __mspabi_func_epilog_6        
0000cb10  __mspabi_func_epilog_5        
0000cb12  __mspabi_func_epilog_4        
0000cb14  __mspabi_func_epilog_3        
0000cb16  __mspabi_func_epilog_2        
0000cb18  __mspabi_func_epilog_1        
0000cb1c  TI_CAPT_Raw                   
0000cb2a  uart_getchar                  
0000cb38  uart_putchar                  
0000cb46  TIMER0_A0_ISR                 
0000cb4e  __TI_ISR_TRAP                 
0000cb56  clearStrip                    
0000cb5e  C$$EXIT                       
0000cb5e  abort                         
0000cb64  _system_pre_init              
0000cb68  _system_post_cinit            
0000cb76  buttonSensor0                 
0000cb82  buttonSensor1                 
0000cb8e  buttonSensor2                 
0000cb9a  buttonSensor3                 
0000cba6  buttonSensor4                 
0000cbb2  buttonSensor5                 
0000cbbe  buttonSensor6                 
0000cbca  buttonSensor7                 
0000cbd6  buttonSensor8                 
0000cbe2  buttonElement0                
0000cbec  buttonElement1                
0000cbf6  buttonElement2                
0000cc00  buttonElement3                
0000cc0a  buttonElement4                
0000cc14  buttonElement5                
0000cc1e  buttonElement6                
0000cc28  buttonElement7                
0000cc32  buttonElement8                
0000cc46  __TI_Handler_Table_Base       
0000cc4c  __TI_Handler_Table_Limit      
0000cc50  __TI_CINIT_Base               
0000cc58  __TI_CINIT_Limit              
0000ffe0  __TI_int00                    
0000ffe4  __TI_int02                    
0000ffe6  __TI_int03                    
0000ffea  __TI_int05                    
0000ffec  __TI_int06                    
0000ffee  __TI_int07                    
0000fff0  __TI_int08                    
0000fff2  __TI_int09                    
0000fff4  __TI_int10                    
0000fff8  __TI_int12                    
0000fffa  __TI_int13                    
0000fffc  __TI_int14                    
0000fffe  _reset_vector                 
ffffffff  __TI_pprof_out_hndl           
ffffffff  __TI_prof_data_size           
ffffffff  __TI_prof_data_start          
ffffffff  __c_args__                    

[208 symbols]
