******************************************************************************
                  MSP430 Linker PC v20.2.1                     
******************************************************************************
>> Linked Tue May 26 02:30:38 2020

OUTPUT FILE NAME:   <FaceFirmware - CCS.out>
ENTRY POINT SYMBOL: "_c_int00_noargs"  address: 0000cbfe


MEMORY CONFIGURATION

         name            origin    length      used     unused   attr    fill
----------------------  --------  ---------  --------  --------  ----  --------
  SFR                   00000000   00000010  00000000  00000010  RWIX
  PERIPHERALS_8BIT      00000010   000000f0  00000000  000000f0  RWIX
  PERIPHERALS_16BIT     00000100   00000100  00000000  00000100  RWIX
  RAM                   00000200   00000200  000000be  00000142  RWIX
  INFOD                 00001000   00000040  00000000  00000040  RWIX
  INFOC                 00001040   00000040  00000000  00000040  RWIX
  INFOB                 00001080   00000040  00000000  00000040  RWIX
  INFOA                 000010c0   00000040  00000000  00000040  RWIX
  FLASH                 0000c000   00003fde  00000dd4  0000320a  RWIX
  BSLSIGNATURE          0000ffde   00000002  00000002  00000000  RWIX  ffff 
  INT00                 0000ffe0   00000002  00000002  00000000  RWIX
  INT01                 0000ffe2   00000002  00000000  00000002  RWIX
  INT02                 0000ffe4   00000002  00000002  00000000  RWIX
  INT03                 0000ffe6   00000002  00000002  00000000  RWIX
  INT04                 0000ffe8   00000002  00000000  00000002  RWIX
  INT05                 0000ffea   00000002  00000002  00000000  RWIX
  INT06                 0000ffec   00000002  00000002  00000000  RWIX
  INT07                 0000ffee   00000002  00000002  00000000  RWIX
  INT08                 0000fff0   00000002  00000002  00000000  RWIX
  INT09                 0000fff2   00000002  00000002  00000000  RWIX
  INT10                 0000fff4   00000002  00000002  00000000  RWIX
  INT11                 0000fff6   00000002  00000000  00000002  RWIX
  INT12                 0000fff8   00000002  00000002  00000000  RWIX
  INT13                 0000fffa   00000002  00000002  00000000  RWIX
  INT14                 0000fffc   00000002  00000002  00000000  RWIX
  RESET                 0000fffe   00000002  00000002  00000000  RWIX


SECTION ALLOCATION MAP

 output                                  attributes/
section   page    origin      length       input sections
--------  ----  ----------  ----------   ----------------
.bss       0    00000200    0000005c     UNINITIALIZED
                  00000200    00000034     ws2812.obj (.bss:leds)
                  00000234    00000012     (.common:baseCnt)
                  00000246    0000000a     ring_buffer.obj (.bss:_rb)
                  00000250    00000008     uart.obj (.bss:_rbmem)
                  00000258    00000002     uart.obj (.bss)
                  0000025a    00000002     (.common:measCnt)

.data      0    0000025c    00000012     UNINITIALIZED
                  0000025c    00000009     main.obj (.data:litSquares)
                  00000265    00000001     --HOLE--
                  00000266    00000003     main.obj (.data)
                  00000269    00000001     --HOLE--
                  0000026a    00000002     CTS_Layer.obj (.data)
                  0000026c    00000002     ring_buffer.obj (.data)

.stack     0    000003b0    00000050     UNINITIALIZED
                  000003b0    00000002     rts430_eabi.lib : boot.c.obj (.stack)
                  000003b2    0000004e     --HOLE--

.text      0    0000c000    00000cdc     
                  0000c000    00000260     CTS_Layer.obj (.text:TI_CAPT_Custom)
                  0000c260    00000122     CTS_HAL.obj (.text:TI_CTS_fRO_PINOSC_TA0_TA1_HAL)
                  0000c382    000000c0     main.obj (.text:main)
                  0000c442    000000a0     main.obj (.text:InitCapSenseButtons)
                  0000c4e2    00000098     main.obj (.text:runCapTouch)
                  0000c57a    00000092     main.obj (.text:receivePattern)
                  0000c60c    00000092     main.obj (.text:setColorsShowStrip)
                  0000c69e    0000008e     main.obj (.text:sendPattern)
                  0000c72c    0000007c     rts430_eabi.lib : copy_decompress_lzss.c.obj (.text:decompress:lzss:__TI_decompress_lzss)
                  0000c7a8    00000076     ws2812.obj (.text:showStrip)
                  0000c81e    0000006c     CTS_Layer.obj (.text:TI_CAPT_Update_Baseline)
                  0000c88a    00000066     ring_buffer.obj (.text:ring_buffer_init)
                  0000c8f0    0000005c     main.obj (.text:flashColor)
                  0000c94c    00000052     ring_buffer.obj (.text:ring_buffer_put)
                  0000c99e    00000052     uart.obj (.text:uart_init)
                  0000c9f0    0000004c     ring_buffer.obj (.text:ring_buffer_get)
                  0000ca3c    0000004c     rts430_eabi.lib : lsr16.asm.obj (.text)
                  0000ca88    00000044     ws2812.obj (.text:initStrip)
                  0000cacc    00000042     rts430_eabi.lib : autoinit.c.obj (.text:__TI_auto_init_nobinit_nopinit:__TI_auto_init_nobinit_nopinit)
                  0000cb0e    00000034     uart.obj (.text:rx_isr)
                  0000cb42    00000032     ws2812.obj (.text:setLEDColor)
                  0000cb74    0000002c     rts430_eabi.lib : lsl16.asm.obj (.text)
                  0000cba0    00000022     ws2812.obj (.text:fillStrip)
                  0000cbc2    0000001e     ws2812.obj (.text:clearStrip)
                  0000cbe0    0000001e     uart.obj (.text:uart_getchar)
                  0000cbfe    0000001c     rts430_eabi.lib : boot.c.obj (.text:_c_int00_noargs)
                  0000cc1a    00000018     CTS_Layer.obj (.text:TI_CAPT_Init_Baseline)
                  0000cc32    00000014     CTS_Layer.obj (.text:TI_CAPT_Update_Tracking_Rate)
                  0000cc46    00000014     rts430_eabi.lib : copy_zero_init.c.obj (.text:decompress:ZI:__TI_zero_init_nomemset:__TI_zero_init_nomemset)
                  0000cc5a    00000014                     : mult16.asm.obj (.text)
                  0000cc6e    00000012                     : copy_decompress_none.c.obj (.text:decompress:none:__TI_decompress_none)
                  0000cc80    00000012                     : memcpy.c.obj (.text:memcpy)
                  0000cc92    00000010     CTS_Layer.obj (.text:TI_CAPT_Button)
                  0000cca2    00000010     rts430_eabi.lib : epilog.asm.obj (.text)
                  0000ccb2    0000000e     uart.obj (.text:uart_putchar)
                  0000ccc0    00000008     CTS_HAL.obj (.text:TIMER0_A0_ISR)
                  0000ccc8    00000008     rts430_eabi.lib : isr_trap.asm.obj (.text:_isr:__TI_ISR_TRAP)
                  0000ccd0    00000006                     : exit.c.obj (.text:abort)
                  0000ccd6    00000004                     : pre_init.c.obj (.text:_system_pre_init)
                  0000ccda    00000002                     : startup.c.obj (.text:_system_post_cinit)

.const     0    0000ccdc    000000dc     
                  0000ccdc    0000000c     ws2812.obj (.const:ColorMapValues)
                  0000cce8    0000000c     structure.obj (.const:buttonSensor0)
                  0000ccf4    0000000c     structure.obj (.const:buttonSensor1)
                  0000cd00    0000000c     structure.obj (.const:buttonSensor2)
                  0000cd0c    0000000c     structure.obj (.const:buttonSensor3)
                  0000cd18    0000000c     structure.obj (.const:buttonSensor4)
                  0000cd24    0000000c     structure.obj (.const:buttonSensor5)
                  0000cd30    0000000c     structure.obj (.const:buttonSensor6)
                  0000cd3c    0000000c     structure.obj (.const:buttonSensor7)
                  0000cd48    0000000c     structure.obj (.const:buttonSensor8)
                  0000cd54    0000000a     structure.obj (.const:buttonElement0)
                  0000cd5e    0000000a     structure.obj (.const:buttonElement1)
                  0000cd68    0000000a     structure.obj (.const:buttonElement2)
                  0000cd72    0000000a     structure.obj (.const:buttonElement3)
                  0000cd7c    0000000a     structure.obj (.const:buttonElement4)
                  0000cd86    0000000a     structure.obj (.const:buttonElement5)
                  0000cd90    0000000a     structure.obj (.const:buttonElement6)
                  0000cd9a    0000000a     structure.obj (.const:buttonElement7)
                  0000cda4    0000000a     structure.obj (.const:buttonElement8)
                  0000cdae    00000006     uart.obj (.const:$P$T0$1)
                  0000cdb4    00000004     ws2812.obj (.const:.string:ledBitmasks)

.cinit     0    0000cdb8    0000001c     
                  0000cdb8    0000000a     (.cinit..data.load) [load image, compression = lzss]
                  0000cdc2    00000006     (__TI_handler_table)
                  0000cdc8    00000004     (.cinit..bss.load) [load image, compression = zero_init]
                  0000cdcc    00000008     (__TI_cinit_table)

.binit     0    0000c000    00000000     

.init_array 
*          0    0000c000    00000000     UNINITIALIZED

TRAPINT    0    0000ffe0    00000002     
                  0000ffe0    00000002     rts430_eabi.lib : int00.asm.obj (.int00)

PORT1      0    0000ffe4    00000002     
                  0000ffe4    00000002     rts430_eabi.lib : int02.asm.obj (.int02)

PORT2      0    0000ffe6    00000002     
                  0000ffe6    00000002     rts430_eabi.lib : int03.asm.obj (.int03)

ADC10      0    0000ffea    00000002     
                  0000ffea    00000002     rts430_eabi.lib : int05.asm.obj (.int05)

USCIAB0TX 
*          0    0000ffec    00000002     
                  0000ffec    00000002     rts430_eabi.lib : int06.asm.obj (.int06)

USCIAB0RX 
*          0    0000ffee    00000002     
                  0000ffee    00000002     uart.obj (.int07)

TIMER0_A1 
*          0    0000fff0    00000002     
                  0000fff0    00000002     rts430_eabi.lib : int08.asm.obj (.int08)

TIMER0_A0 
*          0    0000fff2    00000002     
                  0000fff2    00000002     CTS_HAL.obj (.int09)

WDT        0    0000fff4    00000002     
                  0000fff4    00000002     rts430_eabi.lib : int10.asm.obj (.int10)

TIMER1_A1 
*          0    0000fff8    00000002     
                  0000fff8    00000002     rts430_eabi.lib : int12.asm.obj (.int12)

TIMER1_A0 
*          0    0000fffa    00000002     
                  0000fffa    00000002     rts430_eabi.lib : int13.asm.obj (.int13)

NMI        0    0000fffc    00000002     
                  0000fffc    00000002     rts430_eabi.lib : int14.asm.obj (.int14)

.reset     0    0000fffe    00000002     
                  0000fffe    00000002     rts430_eabi.lib : boot.c.obj (.reset)

$fill000   0    0000ffde    00000002     
                  0000ffde    00000002     --HOLE-- [fill = ffff]

MODULE SUMMARY

       Module                       code   ro data   rw data
       ------                       ----   -------   -------
    .\Source\
       main.obj                     1030   0         12     
       CTS_Layer.obj                776    0         22     
       ws2812.obj                   300    16        52     
       CTS_HAL.obj                  298    2         0      
       structure.obj                0      198       0      
    +--+----------------------------+------+---------+---------+
       Total:                       2404   216       86     
                                                            
    .\Source\UART\
       ring_buffer.obj              260    0         12     
       uart.obj                     178    8         10     
    +--+----------------------------+------+---------+---------+
       Total:                       438    8         22     
                                                            
    C:\ti\ccs1000\ccs\tools\compiler\ti-cgt-msp430_20.2.1.LTS\lib\rts430_eabi.lib
       copy_decompress_lzss.c.obj   124    0         0      
       lsr16.asm.obj                76     0         0      
       autoinit.c.obj               66     0         0      
       lsl16.asm.obj                44     0         0      
       boot.c.obj                   28     2         0      
       copy_zero_init.c.obj         20     0         0      
       mult16.asm.obj               20     0         0      
       copy_decompress_none.c.obj   18     0         0      
       memcpy.c.obj                 18     0         0      
       epilog.asm.obj               16     0         0      
       isr_trap.asm.obj             8      0         0      
       exit.c.obj                   6      0         0      
       pre_init.c.obj               4      0         0      
       int00.asm.obj                0      2         0      
       int02.asm.obj                0      2         0      
       int03.asm.obj                0      2         0      
       int05.asm.obj                0      2         0      
       int06.asm.obj                0      2         0      
       int08.asm.obj                0      2         0      
       int10.asm.obj                0      2         0      
       int12.asm.obj                0      2         0      
       int13.asm.obj                0      2         0      
       int14.asm.obj                0      2         0      
       startup.c.obj                2      0         0      
    +--+----------------------------+------+---------+---------+
       Total:                       450    22        0      
                                                            
       Stack:                       0      0         80     
       Linker Generated:            0      28        0      
    +--+----------------------------+------+---------+---------+
       Grand Total:                 3292   274       188    


LINKER GENERATED COPY TABLES

__TI_cinit_table @ 0000cdcc records: 2, size/record: 4, table size: 8
	.data: load addr=0000cdb8, load size=0000000a bytes, run addr=0000025c, run size=00000012 bytes, compression=lzss
	.bss: load addr=0000cdc8, load size=00000004 bytes, run addr=00000200, run size=0000005c bytes, compression=zero_init


LINKER GENERATED HANDLER TABLE

__TI_handler_table @ 0000cdc2 records: 3, size/record: 2, table size: 6
	index: 0, handler: __TI_zero_init
	index: 1, handler: __TI_decompress_lzss
	index: 2, handler: __TI_decompress_none


GLOBAL SYMBOLS: SORTED ALPHABETICALLY BY Name 

address   name                          
-------   ----                          
0000004a  ADC10AE0                      
000001b0  ADC10CTL0                     
000001b2  ADC10CTL1                     
00000048  ADC10DTC0                     
00000049  ADC10DTC1                     
000001b4  ADC10MEM                      
000001bc  ADC10SA                       
00000057  BCSCTL1                       
00000058  BCSCTL2                       
00000053  BCSCTL3                       
0000ccd0  C$$EXIT                       
000010fb  CALBC1_12MHZ                  
000010f9  CALBC1_16MHZ                  
000010ff  CALBC1_1MHZ                   
000010fd  CALBC1_8MHZ                   
000010fa  CALDCO_12MHZ                  
000010f8  CALDCO_16MHZ                  
000010fe  CALDCO_1MHZ                   
000010fc  CALDCO_8MHZ                   
00000056  DCOCTL                        
00000128  FCTL1                         
0000012a  FCTL2                         
0000012c  FCTL3                         
00000000  IE1                           
00000001  IE2                           
00000002  IFG1                          
00000003  IFG2                          
0000c442  InitCapSenseButtons           
00000022  P1DIR                         
00000025  P1IE                          
00000024  P1IES                         
00000023  P1IFG                         
00000020  P1IN                          
00000021  P1OUT                         
00000027  P1REN                         
00000026  P1SEL                         
00000041  P1SEL2                        
0000002a  P2DIR                         
0000002d  P2IE                          
0000002c  P2IES                         
0000002b  P2IFG                         
00000028  P2IN                          
00000029  P2OUT                         
0000002f  P2REN                         
0000002e  P2SEL                         
00000042  P2SEL2                        
0000001a  P3DIR                         
00000018  P3IN                          
00000019  P3OUT                         
00000010  P3REN                         
0000001b  P3SEL                         
00000043  P3SEL2                        
00000172  TA0CCR0                       
00000174  TA0CCR1                       
00000176  TA0CCR2                       
00000162  TA0CCTL0                      
00000164  TA0CCTL1                      
00000166  TA0CCTL2                      
00000160  TA0CTL                        
0000012e  TA0IV                         
00000170  TA0R                          
00000192  TA1CCR0                       
00000194  TA1CCR1                       
00000196  TA1CCR2                       
00000182  TA1CCTL0                      
00000184  TA1CCTL1                      
00000186  TA1CCTL2                      
00000180  TA1CTL                        
0000011e  TA1IV                         
00000190  TA1R                          
0000ccc0  TIMER0_A0_ISR                 
0000cc92  TI_CAPT_Button                
0000c000  TI_CAPT_Custom                
0000cc1a  TI_CAPT_Init_Baseline         
0000c81e  TI_CAPT_Update_Baseline       
0000cc32  TI_CAPT_Update_Tracking_Rate  
0000c260  TI_CTS_fRO_PINOSC_TA0_TA1_HAL 
000010db  TLV_ADC10_1_LEN               
000010da  TLV_ADC10_1_TAG               
000010c0  TLV_CHECKSUM                  
000010f7  TLV_DCO_30_LEN                
000010f6  TLV_DCO_30_TAG                
0000005d  UCA0ABCTL                     
00000062  UCA0BR0                       
00000063  UCA0BR1                       
00000060  UCA0CTL0                      
00000061  UCA0CTL1                      
0000005f  UCA0IRRCTL                    
0000005e  UCA0IRTCTL                    
00000064  UCA0MCTL                      
00000066  UCA0RXBUF                     
00000065  UCA0STAT                      
00000067  UCA0TXBUF                     
0000006a  UCB0BR0                       
0000006b  UCB0BR1                       
00000068  UCB0CTL0                      
00000069  UCB0CTL1                      
0000006c  UCB0I2CIE                     
00000118  UCB0I2COA                     
0000011a  UCB0I2CSA                     
0000006e  UCB0RXBUF                     
0000006d  UCB0STAT                      
0000006f  UCB0TXBUF                     
00000120  WDTCTL                        
00000400  __STACK_END                   
00000050  __STACK_SIZE                  
0000cdcc  __TI_CINIT_Base               
0000cdd4  __TI_CINIT_Limit              
0000cdc2  __TI_Handler_Table_Base       
0000cdc8  __TI_Handler_Table_Limit      
0000ccc8  __TI_ISR_TRAP                 
0000cacc  __TI_auto_init_nobinit_nopinit
0000c72c  __TI_decompress_lzss          
0000cc6e  __TI_decompress_none          
0000ffe0  __TI_int00                    
0000ffe4  __TI_int02                    
0000ffe6  __TI_int03                    
0000ffea  __TI_int05                    
0000ffec  __TI_int06                    
0000ffee  __TI_int07                    
0000fff0  __TI_int08                    
0000fff2  __TI_int09                    
0000fff4  __TI_int10                    
0000fff8  __TI_int12                    
0000fffa  __TI_int13                    
0000fffc  __TI_int14                    
ffffffff  __TI_pprof_out_hndl           
ffffffff  __TI_prof_data_size           
ffffffff  __TI_prof_data_start          
0000cc46  __TI_zero_init_nomemset       
ffffffff  __c_args__                    
0000ccae  __mspabi_func_epilog_1        
0000ccac  __mspabi_func_epilog_2        
0000ccaa  __mspabi_func_epilog_3        
0000cca8  __mspabi_func_epilog_4        
0000cca6  __mspabi_func_epilog_5        
0000cca4  __mspabi_func_epilog_6        
0000cca2  __mspabi_func_epilog_7        
0000cc5a  __mspabi_mpyi                 
0000cc5a  __mspabi_mpyi_sw              
0000cb74  __mspabi_slli                 
0000cb9c  __mspabi_slli_1               
0000cb8a  __mspabi_slli_10              
0000cb88  __mspabi_slli_11              
0000cb86  __mspabi_slli_12              
0000cb84  __mspabi_slli_13              
0000cb82  __mspabi_slli_14              
0000cb80  __mspabi_slli_15              
0000cb9a  __mspabi_slli_2               
0000cb98  __mspabi_slli_3               
0000cb96  __mspabi_slli_4               
0000cb94  __mspabi_slli_5               
0000cb92  __mspabi_slli_6               
0000cb90  __mspabi_slli_7               
0000cb8e  __mspabi_slli_8               
0000cb8c  __mspabi_slli_9               
0000ca3c  __mspabi_srli                 
0000ca82  __mspabi_srli_1               
0000ca5e  __mspabi_srli_10              
0000ca5a  __mspabi_srli_11              
0000ca56  __mspabi_srli_12              
0000ca52  __mspabi_srli_13              
0000ca4e  __mspabi_srli_14              
0000ca4a  __mspabi_srli_15              
0000ca7e  __mspabi_srli_2               
0000ca7a  __mspabi_srli_3               
0000ca76  __mspabi_srli_4               
0000ca72  __mspabi_srli_5               
0000ca6e  __mspabi_srli_6               
0000ca6a  __mspabi_srli_7               
0000ca66  __mspabi_srli_8               
0000ca62  __mspabi_srli_9               
0000cbfe  _c_int00_noargs               
0000fffe  _reset_vector                 
000003b0  _stack                        
0000ccda  _system_post_cinit            
0000ccd6  _system_pre_init              
0000ccd0  abort                         
00000234  baseCnt                       
0000cd54  buttonElement0                
0000cd5e  buttonElement1                
0000cd68  buttonElement2                
0000cd72  buttonElement3                
0000cd7c  buttonElement4                
0000cd86  buttonElement5                
0000cd90  buttonElement6                
0000cd9a  buttonElement7                
0000cda4  buttonElement8                
0000cce8  buttonSensor0                 
0000ccf4  buttonSensor1                 
0000cd00  buttonSensor2                 
0000cd0c  buttonSensor3                 
0000cd18  buttonSensor4                 
0000cd24  buttonSensor5                 
0000cd30  buttonSensor6                 
0000cd3c  buttonSensor7                 
0000cd48  buttonSensor8                 
0000cbc2  clearStrip                    
0000026a  ctsStatusReg                  
0000cba0  fillStrip                     
0000c8f0  flashColor                    
00000266  i                             
0000ca88  initStrip                     
0000025c  litSquares                    
0000c382  main                          
0000025a  measCnt                       
0000cc80  memcpy                        
0000c57a  receivePattern                
0000c9f0  ring_buffer_get               
0000c88a  ring_buffer_init              
0000c94c  ring_buffer_put               
0000c4e2  runCapTouch                   
0000cb0e  rx_isr                        
0000c69e  sendPattern                   
0000c60c  setColorsShowStrip            
0000cb42  setLEDColor                   
0000c7a8  showStrip                     
00000268  state                         
0000cbe0  uart_getchar                  
0000c99e  uart_init                     
0000ccb2  uart_putchar                  


GLOBAL SYMBOLS: SORTED BY Symbol Address 

address   name                          
-------   ----                          
00000000  IE1                           
00000001  IE2                           
00000002  IFG1                          
00000003  IFG2                          
00000010  P3REN                         
00000018  P3IN                          
00000019  P3OUT                         
0000001a  P3DIR                         
0000001b  P3SEL                         
00000020  P1IN                          
00000021  P1OUT                         
00000022  P1DIR                         
00000023  P1IFG                         
00000024  P1IES                         
00000025  P1IE                          
00000026  P1SEL                         
00000027  P1REN                         
00000028  P2IN                          
00000029  P2OUT                         
0000002a  P2DIR                         
0000002b  P2IFG                         
0000002c  P2IES                         
0000002d  P2IE                          
0000002e  P2SEL                         
0000002f  P2REN                         
00000041  P1SEL2                        
00000042  P2SEL2                        
00000043  P3SEL2                        
00000048  ADC10DTC0                     
00000049  ADC10DTC1                     
0000004a  ADC10AE0                      
00000050  __STACK_SIZE                  
00000053  BCSCTL3                       
00000056  DCOCTL                        
00000057  BCSCTL1                       
00000058  BCSCTL2                       
0000005d  UCA0ABCTL                     
0000005e  UCA0IRTCTL                    
0000005f  UCA0IRRCTL                    
00000060  UCA0CTL0                      
00000061  UCA0CTL1                      
00000062  UCA0BR0                       
00000063  UCA0BR1                       
00000064  UCA0MCTL                      
00000065  UCA0STAT                      
00000066  UCA0RXBUF                     
00000067  UCA0TXBUF                     
00000068  UCB0CTL0                      
00000069  UCB0CTL1                      
0000006a  UCB0BR0                       
0000006b  UCB0BR1                       
0000006c  UCB0I2CIE                     
0000006d  UCB0STAT                      
0000006e  UCB0RXBUF                     
0000006f  UCB0TXBUF                     
00000118  UCB0I2COA                     
0000011a  UCB0I2CSA                     
0000011e  TA1IV                         
00000120  WDTCTL                        
00000128  FCTL1                         
0000012a  FCTL2                         
0000012c  FCTL3                         
0000012e  TA0IV                         
00000160  TA0CTL                        
00000162  TA0CCTL0                      
00000164  TA0CCTL1                      
00000166  TA0CCTL2                      
00000170  TA0R                          
00000172  TA0CCR0                       
00000174  TA0CCR1                       
00000176  TA0CCR2                       
00000180  TA1CTL                        
00000182  TA1CCTL0                      
00000184  TA1CCTL1                      
00000186  TA1CCTL2                      
00000190  TA1R                          
00000192  TA1CCR0                       
00000194  TA1CCR1                       
00000196  TA1CCR2                       
000001b0  ADC10CTL0                     
000001b2  ADC10CTL1                     
000001b4  ADC10MEM                      
000001bc  ADC10SA                       
00000234  baseCnt                       
0000025a  measCnt                       
0000025c  litSquares                    
00000266  i                             
00000268  state                         
0000026a  ctsStatusReg                  
000003b0  _stack                        
00000400  __STACK_END                   
000010c0  TLV_CHECKSUM                  
000010da  TLV_ADC10_1_TAG               
000010db  TLV_ADC10_1_LEN               
000010f6  TLV_DCO_30_TAG                
000010f7  TLV_DCO_30_LEN                
000010f8  CALDCO_16MHZ                  
000010f9  CALBC1_16MHZ                  
000010fa  CALDCO_12MHZ                  
000010fb  CALBC1_12MHZ                  
000010fc  CALDCO_8MHZ                   
000010fd  CALBC1_8MHZ                   
000010fe  CALDCO_1MHZ                   
000010ff  CALBC1_1MHZ                   
0000c000  TI_CAPT_Custom                
0000c260  TI_CTS_fRO_PINOSC_TA0_TA1_HAL 
0000c382  main                          
0000c442  InitCapSenseButtons           
0000c4e2  runCapTouch                   
0000c57a  receivePattern                
0000c60c  setColorsShowStrip            
0000c69e  sendPattern                   
0000c72c  __TI_decompress_lzss          
0000c7a8  showStrip                     
0000c81e  TI_CAPT_Update_Baseline       
0000c88a  ring_buffer_init              
0000c8f0  flashColor                    
0000c94c  ring_buffer_put               
0000c99e  uart_init                     
0000c9f0  ring_buffer_get               
0000ca3c  __mspabi_srli                 
0000ca4a  __mspabi_srli_15              
0000ca4e  __mspabi_srli_14              
0000ca52  __mspabi_srli_13              
0000ca56  __mspabi_srli_12              
0000ca5a  __mspabi_srli_11              
0000ca5e  __mspabi_srli_10              
0000ca62  __mspabi_srli_9               
0000ca66  __mspabi_srli_8               
0000ca6a  __mspabi_srli_7               
0000ca6e  __mspabi_srli_6               
0000ca72  __mspabi_srli_5               
0000ca76  __mspabi_srli_4               
0000ca7a  __mspabi_srli_3               
0000ca7e  __mspabi_srli_2               
0000ca82  __mspabi_srli_1               
0000ca88  initStrip                     
0000cacc  __TI_auto_init_nobinit_nopinit
0000cb0e  rx_isr                        
0000cb42  setLEDColor                   
0000cb74  __mspabi_slli                 
0000cb80  __mspabi_slli_15              
0000cb82  __mspabi_slli_14              
0000cb84  __mspabi_slli_13              
0000cb86  __mspabi_slli_12              
0000cb88  __mspabi_slli_11              
0000cb8a  __mspabi_slli_10              
0000cb8c  __mspabi_slli_9               
0000cb8e  __mspabi_slli_8               
0000cb90  __mspabi_slli_7               
0000cb92  __mspabi_slli_6               
0000cb94  __mspabi_slli_5               
0000cb96  __mspabi_slli_4               
0000cb98  __mspabi_slli_3               
0000cb9a  __mspabi_slli_2               
0000cb9c  __mspabi_slli_1               
0000cba0  fillStrip                     
0000cbc2  clearStrip                    
0000cbe0  uart_getchar                  
0000cbfe  _c_int00_noargs               
0000cc1a  TI_CAPT_Init_Baseline         
0000cc32  TI_CAPT_Update_Tracking_Rate  
0000cc46  __TI_zero_init_nomemset       
0000cc5a  __mspabi_mpyi                 
0000cc5a  __mspabi_mpyi_sw              
0000cc6e  __TI_decompress_none          
0000cc80  memcpy                        
0000cc92  TI_CAPT_Button                
0000cca2  __mspabi_func_epilog_7        
0000cca4  __mspabi_func_epilog_6        
0000cca6  __mspabi_func_epilog_5        
0000cca8  __mspabi_func_epilog_4        
0000ccaa  __mspabi_func_epilog_3        
0000ccac  __mspabi_func_epilog_2        
0000ccae  __mspabi_func_epilog_1        
0000ccb2  uart_putchar                  
0000ccc0  TIMER0_A0_ISR                 
0000ccc8  __TI_ISR_TRAP                 
0000ccd0  C$$EXIT                       
0000ccd0  abort                         
0000ccd6  _system_pre_init              
0000ccda  _system_post_cinit            
0000cce8  buttonSensor0                 
0000ccf4  buttonSensor1                 
0000cd00  buttonSensor2                 
0000cd0c  buttonSensor3                 
0000cd18  buttonSensor4                 
0000cd24  buttonSensor5                 
0000cd30  buttonSensor6                 
0000cd3c  buttonSensor7                 
0000cd48  buttonSensor8                 
0000cd54  buttonElement0                
0000cd5e  buttonElement1                
0000cd68  buttonElement2                
0000cd72  buttonElement3                
0000cd7c  buttonElement4                
0000cd86  buttonElement5                
0000cd90  buttonElement6                
0000cd9a  buttonElement7                
0000cda4  buttonElement8                
0000cdc2  __TI_Handler_Table_Base       
0000cdc8  __TI_Handler_Table_Limit      
0000cdcc  __TI_CINIT_Base               
0000cdd4  __TI_CINIT_Limit              
0000ffe0  __TI_int00                    
0000ffe4  __TI_int02                    
0000ffe6  __TI_int03                    
0000ffea  __TI_int05                    
0000ffec  __TI_int06                    
0000ffee  __TI_int07                    
0000fff0  __TI_int08                    
0000fff2  __TI_int09                    
0000fff4  __TI_int10                    
0000fff8  __TI_int12                    
0000fffa  __TI_int13                    
0000fffc  __TI_int14                    
0000fffe  _reset_vector                 
ffffffff  __TI_pprof_out_hndl           
ffffffff  __TI_prof_data_size           
ffffffff  __TI_prof_data_start          
ffffffff  __c_args__                    

[221 symbols]
