Archive member included to satisfy reference by file (symbol)

c:/ti/ccs1000/ccs/tools/compiler/msp430-gcc-8.3.1.25_win64/bin/../lib/gcc/msp430-elf/8.3.1/430\libgcc.a(lib2divHI.o)
                              ./Source/CTS_Layer.o (__mspabi_divu)
c:/ti/ccs1000/ccs/tools/compiler/msp430-gcc-8.3.1.25_win64/bin/../lib/gcc/msp430-elf/8.3.1/430\libgcc.a(epilogue.o)
                              ./Source/CTS_HAL.o (__mspabi_func_epilog_7)
c:/ti/ccs1000/ccs/tools/compiler/msp430-gcc-8.3.1.25_win64/bin/../lib/gcc/msp430-elf/8.3.1/430\libgcc.a(slli.o)
                              ./Source/ws2812.o (__mspabi_slli)
c:/ti/ccs1000/ccs/tools/compiler/msp430-gcc-8.3.1.25_win64/bin/../lib/gcc/msp430-elf/8.3.1/430\libgcc.a(srai.o)
                              ./Source/ws2812.o (__mspabi_srai)
c:/ti/ccs1000/ccs/tools/compiler/msp430-gcc-8.3.1.25_win64/bin/../lib/gcc/msp430-elf/8.3.1/430\libgcc.a(srli.o)
                              ./Source/main.o (__mspabi_srli_15)
c:/ti/ccs1000/ccs/tools/compiler/msp430-gcc-8.3.1.25_win64/bin/../lib/gcc/msp430-elf/8.3.1/430\libmul_none.a(mpy.o)
                              ./Source/CTS_Layer.o (__mspabi_mpyi)
c:/ti/ccs1000/ccs/tools/compiler/msp430-gcc-8.3.1.25_win64/bin/../lib/gcc/msp430-elf/8.3.1/../../../../msp430-elf/lib/430\libcrt.a(crt_bss.o)
                              ./Source/CTS_Layer.o (__crt0_init_bss)
c:/ti/ccs1000/ccs/tools/compiler/msp430-gcc-8.3.1.25_win64/bin/../lib/gcc/msp430-elf/8.3.1/../../../../msp430-elf/lib/430\libcrt.a(crt_movedata.o)
                              ./Source/CTS_Layer.o (__crt0_movedata)
c:/ti/ccs1000/ccs/tools/compiler/msp430-gcc-8.3.1.25_win64/bin/../lib/gcc/msp430-elf/8.3.1/../../../../msp430-elf/lib/430\libcrt.a(crt_main.o)
                              c:/ti/ccs1000/ccs/tools/compiler/msp430-gcc-8.3.1.25_win64/bin/../lib/gcc/msp430-elf/8.3.1/../../../../msp430-elf/lib/430/crt0.o (__crt0_call_main)
c:/ti/ccs1000/ccs/tools/compiler/msp430-gcc-8.3.1.25_win64/bin/../lib/gcc/msp430-elf/8.3.1/../../../../msp430-elf/lib/430\libc.a(lib_a-memmove.o)
                              c:/ti/ccs1000/ccs/tools/compiler/msp430-gcc-8.3.1.25_win64/bin/../lib/gcc/msp430-elf/8.3.1/../../../../msp430-elf/lib/430\libcrt.a(crt_movedata.o) (memmove)
c:/ti/ccs1000/ccs/tools/compiler/msp430-gcc-8.3.1.25_win64/bin/../lib/gcc/msp430-elf/8.3.1/../../../../msp430-elf/lib/430\libc.a(lib_a-memset.o)
                              c:/ti/ccs1000/ccs/tools/compiler/msp430-gcc-8.3.1.25_win64/bin/../lib/gcc/msp430-elf/8.3.1/../../../../msp430-elf/lib/430\libcrt.a(crt_bss.o) (memset)

Allocating common symbols
Common symbol       size              file

measCnt             0x2               ./Source/CTS_Layer.o
baseCnt             0x12              ./Source/CTS_Layer.o

Discarded input sections

 .text          0x0000000000000000        0x0 c:/ti/ccs1000/ccs/tools/compiler/msp430-gcc-8.3.1.25_win64/bin/../lib/gcc/msp430-elf/8.3.1/../../../../msp430-elf/lib/430/crt0.o
 .data          0x0000000000000000        0x0 c:/ti/ccs1000/ccs/tools/compiler/msp430-gcc-8.3.1.25_win64/bin/../lib/gcc/msp430-elf/8.3.1/../../../../msp430-elf/lib/430/crt0.o
 .bss           0x0000000000000000        0x0 c:/ti/ccs1000/ccs/tools/compiler/msp430-gcc-8.3.1.25_win64/bin/../lib/gcc/msp430-elf/8.3.1/../../../../msp430-elf/lib/430/crt0.o
 .text          0x0000000000000000        0x0 c:/ti/ccs1000/ccs/tools/compiler/msp430-gcc-8.3.1.25_win64/bin/../lib/gcc/msp430-elf/8.3.1/430/crtbegin_no_eh.o
 .data          0x0000000000000000        0x0 c:/ti/ccs1000/ccs/tools/compiler/msp430-gcc-8.3.1.25_win64/bin/../lib/gcc/msp430-elf/8.3.1/430/crtbegin_no_eh.o
 .bss           0x0000000000000000        0x0 c:/ti/ccs1000/ccs/tools/compiler/msp430-gcc-8.3.1.25_win64/bin/../lib/gcc/msp430-elf/8.3.1/430/crtbegin_no_eh.o
 .data          0x0000000000000000        0x0 ./Source/CTS_HAL.o
 .bss           0x0000000000000000        0x0 ./Source/CTS_HAL.o
 .bss           0x0000000000000000        0x0 ./Source/CTS_Layer.o
 .bss           0x0000000000000000        0x0 ./Source/main.o
 .rodata        0x0000000000000000        0x6 ./Source/main.o
 .text          0x0000000000000000        0x0 ./Source/structure.o
 .data          0x0000000000000000        0x0 ./Source/structure.o
 .bss           0x0000000000000000        0x0 ./Source/structure.o
 .data          0x0000000000000000        0x0 ./Source/ws2812.o
 .text          0x0000000000000000        0x0 c:/ti/ccs1000/ccs/tools/compiler/msp430-gcc-8.3.1.25_win64/bin/../lib/gcc/msp430-elf/8.3.1/430\libgcc.a(lib2divHI.o)
 .data          0x0000000000000000        0x0 c:/ti/ccs1000/ccs/tools/compiler/msp430-gcc-8.3.1.25_win64/bin/../lib/gcc/msp430-elf/8.3.1/430\libgcc.a(lib2divHI.o)
 .bss           0x0000000000000000        0x0 c:/ti/ccs1000/ccs/tools/compiler/msp430-gcc-8.3.1.25_win64/bin/../lib/gcc/msp430-elf/8.3.1/430\libgcc.a(lib2divHI.o)
 .text.__divhi3
                0x0000000000000000       0x34 c:/ti/ccs1000/ccs/tools/compiler/msp430-gcc-8.3.1.25_win64/bin/../lib/gcc/msp430-elf/8.3.1/430\libgcc.a(lib2divHI.o)
 .text.__modhi3
                0x0000000000000000       0x32 c:/ti/ccs1000/ccs/tools/compiler/msp430-gcc-8.3.1.25_win64/bin/../lib/gcc/msp430-elf/8.3.1/430\libgcc.a(lib2divHI.o)
 .text.__umodhi3
                0x0000000000000000        0x8 c:/ti/ccs1000/ccs/tools/compiler/msp430-gcc-8.3.1.25_win64/bin/../lib/gcc/msp430-elf/8.3.1/430\libgcc.a(lib2divHI.o)
 .data          0x0000000000000000        0x0 c:/ti/ccs1000/ccs/tools/compiler/msp430-gcc-8.3.1.25_win64/bin/../lib/gcc/msp430-elf/8.3.1/430\libgcc.a(epilogue.o)
 .bss           0x0000000000000000        0x0 c:/ti/ccs1000/ccs/tools/compiler/msp430-gcc-8.3.1.25_win64/bin/../lib/gcc/msp430-elf/8.3.1/430\libgcc.a(epilogue.o)
 .text          0x0000000000000000        0x0 c:/ti/ccs1000/ccs/tools/compiler/msp430-gcc-8.3.1.25_win64/bin/../lib/gcc/msp430-elf/8.3.1/430\libgcc.a(slli.o)
 .data          0x0000000000000000        0x0 c:/ti/ccs1000/ccs/tools/compiler/msp430-gcc-8.3.1.25_win64/bin/../lib/gcc/msp430-elf/8.3.1/430\libgcc.a(slli.o)
 .bss           0x0000000000000000        0x0 c:/ti/ccs1000/ccs/tools/compiler/msp430-gcc-8.3.1.25_win64/bin/../lib/gcc/msp430-elf/8.3.1/430\libgcc.a(slli.o)
 .text.__mspabi_slli_n
                0x0000000000000000       0x20 c:/ti/ccs1000/ccs/tools/compiler/msp430-gcc-8.3.1.25_win64/bin/../lib/gcc/msp430-elf/8.3.1/430\libgcc.a(slli.o)
 .text.__mspabi_slll_n
                0x0000000000000000       0x3e c:/ti/ccs1000/ccs/tools/compiler/msp430-gcc-8.3.1.25_win64/bin/../lib/gcc/msp430-elf/8.3.1/430\libgcc.a(slli.o)
 .text.__mspabi_slll
                0x0000000000000000        0xc c:/ti/ccs1000/ccs/tools/compiler/msp430-gcc-8.3.1.25_win64/bin/../lib/gcc/msp430-elf/8.3.1/430\libgcc.a(slli.o)
 .text.__mspabi_sllll
                0x0000000000000000       0x1e c:/ti/ccs1000/ccs/tools/compiler/msp430-gcc-8.3.1.25_win64/bin/../lib/gcc/msp430-elf/8.3.1/430\libgcc.a(slli.o)
 .text          0x0000000000000000        0x0 c:/ti/ccs1000/ccs/tools/compiler/msp430-gcc-8.3.1.25_win64/bin/../lib/gcc/msp430-elf/8.3.1/430\libgcc.a(srai.o)
 .data          0x0000000000000000        0x0 c:/ti/ccs1000/ccs/tools/compiler/msp430-gcc-8.3.1.25_win64/bin/../lib/gcc/msp430-elf/8.3.1/430\libgcc.a(srai.o)
 .bss           0x0000000000000000        0x0 c:/ti/ccs1000/ccs/tools/compiler/msp430-gcc-8.3.1.25_win64/bin/../lib/gcc/msp430-elf/8.3.1/430\libgcc.a(srai.o)
 .text.__mspabi_srai_n
                0x0000000000000000       0x20 c:/ti/ccs1000/ccs/tools/compiler/msp430-gcc-8.3.1.25_win64/bin/../lib/gcc/msp430-elf/8.3.1/430\libgcc.a(srai.o)
 .text.__mspabi_sral_n
                0x0000000000000000       0x3e c:/ti/ccs1000/ccs/tools/compiler/msp430-gcc-8.3.1.25_win64/bin/../lib/gcc/msp430-elf/8.3.1/430\libgcc.a(srai.o)
 .text.__mspabi_sral
                0x0000000000000000        0xc c:/ti/ccs1000/ccs/tools/compiler/msp430-gcc-8.3.1.25_win64/bin/../lib/gcc/msp430-elf/8.3.1/430\libgcc.a(srai.o)
 .text.__mspabi_srall
                0x0000000000000000       0x1e c:/ti/ccs1000/ccs/tools/compiler/msp430-gcc-8.3.1.25_win64/bin/../lib/gcc/msp430-elf/8.3.1/430\libgcc.a(srai.o)
 .text          0x0000000000000000        0x0 c:/ti/ccs1000/ccs/tools/compiler/msp430-gcc-8.3.1.25_win64/bin/../lib/gcc/msp430-elf/8.3.1/430\libgcc.a(srli.o)
 .data          0x0000000000000000        0x0 c:/ti/ccs1000/ccs/tools/compiler/msp430-gcc-8.3.1.25_win64/bin/../lib/gcc/msp430-elf/8.3.1/430\libgcc.a(srli.o)
 .bss           0x0000000000000000        0x0 c:/ti/ccs1000/ccs/tools/compiler/msp430-gcc-8.3.1.25_win64/bin/../lib/gcc/msp430-elf/8.3.1/430\libgcc.a(srli.o)
 .text.__mspabi_srli
                0x0000000000000000        0xc c:/ti/ccs1000/ccs/tools/compiler/msp430-gcc-8.3.1.25_win64/bin/../lib/gcc/msp430-elf/8.3.1/430\libgcc.a(srli.o)
 .text.__mspabi_srll
                0x0000000000000000        0xe c:/ti/ccs1000/ccs/tools/compiler/msp430-gcc-8.3.1.25_win64/bin/../lib/gcc/msp430-elf/8.3.1/430\libgcc.a(srli.o)
 .text.__mspabi_srlll
                0x0000000000000000       0x20 c:/ti/ccs1000/ccs/tools/compiler/msp430-gcc-8.3.1.25_win64/bin/../lib/gcc/msp430-elf/8.3.1/430\libgcc.a(srli.o)
 .text          0x0000000000000000        0x0 c:/ti/ccs1000/ccs/tools/compiler/msp430-gcc-8.3.1.25_win64/bin/../lib/gcc/msp430-elf/8.3.1/430\libmul_none.a(mpy.o)
 .data          0x0000000000000000        0x0 c:/ti/ccs1000/ccs/tools/compiler/msp430-gcc-8.3.1.25_win64/bin/../lib/gcc/msp430-elf/8.3.1/430\libmul_none.a(mpy.o)
 .bss           0x0000000000000000        0x0 c:/ti/ccs1000/ccs/tools/compiler/msp430-gcc-8.3.1.25_win64/bin/../lib/gcc/msp430-elf/8.3.1/430\libmul_none.a(mpy.o)
 .text          0x0000000000000000        0x0 c:/ti/ccs1000/ccs/tools/compiler/msp430-gcc-8.3.1.25_win64/bin/../lib/gcc/msp430-elf/8.3.1/../../../../msp430-elf/lib/430\libcrt.a(crt_bss.o)
 .data          0x0000000000000000        0x0 c:/ti/ccs1000/ccs/tools/compiler/msp430-gcc-8.3.1.25_win64/bin/../lib/gcc/msp430-elf/8.3.1/../../../../msp430-elf/lib/430\libcrt.a(crt_bss.o)
 .bss           0x0000000000000000        0x0 c:/ti/ccs1000/ccs/tools/compiler/msp430-gcc-8.3.1.25_win64/bin/../lib/gcc/msp430-elf/8.3.1/../../../../msp430-elf/lib/430\libcrt.a(crt_bss.o)
 .text          0x0000000000000000        0x0 c:/ti/ccs1000/ccs/tools/compiler/msp430-gcc-8.3.1.25_win64/bin/../lib/gcc/msp430-elf/8.3.1/../../../../msp430-elf/lib/430\libcrt.a(crt_movedata.o)
 .data          0x0000000000000000        0x0 c:/ti/ccs1000/ccs/tools/compiler/msp430-gcc-8.3.1.25_win64/bin/../lib/gcc/msp430-elf/8.3.1/../../../../msp430-elf/lib/430\libcrt.a(crt_movedata.o)
 .bss           0x0000000000000000        0x0 c:/ti/ccs1000/ccs/tools/compiler/msp430-gcc-8.3.1.25_win64/bin/../lib/gcc/msp430-elf/8.3.1/../../../../msp430-elf/lib/430\libcrt.a(crt_movedata.o)
 .text          0x0000000000000000        0x0 c:/ti/ccs1000/ccs/tools/compiler/msp430-gcc-8.3.1.25_win64/bin/../lib/gcc/msp430-elf/8.3.1/../../../../msp430-elf/lib/430\libcrt.a(crt_main.o)
 .data          0x0000000000000000        0x0 c:/ti/ccs1000/ccs/tools/compiler/msp430-gcc-8.3.1.25_win64/bin/../lib/gcc/msp430-elf/8.3.1/../../../../msp430-elf/lib/430\libcrt.a(crt_main.o)
 .bss           0x0000000000000000        0x0 c:/ti/ccs1000/ccs/tools/compiler/msp430-gcc-8.3.1.25_win64/bin/../lib/gcc/msp430-elf/8.3.1/../../../../msp430-elf/lib/430\libcrt.a(crt_main.o)
 .text          0x0000000000000000        0x0 c:/ti/ccs1000/ccs/tools/compiler/msp430-gcc-8.3.1.25_win64/bin/../lib/gcc/msp430-elf/8.3.1/../../../../msp430-elf/lib/430\libc.a(lib_a-memmove.o)
 .data          0x0000000000000000        0x0 c:/ti/ccs1000/ccs/tools/compiler/msp430-gcc-8.3.1.25_win64/bin/../lib/gcc/msp430-elf/8.3.1/../../../../msp430-elf/lib/430\libc.a(lib_a-memmove.o)
 .bss           0x0000000000000000        0x0 c:/ti/ccs1000/ccs/tools/compiler/msp430-gcc-8.3.1.25_win64/bin/../lib/gcc/msp430-elf/8.3.1/../../../../msp430-elf/lib/430\libc.a(lib_a-memmove.o)
 .text          0x0000000000000000        0x0 c:/ti/ccs1000/ccs/tools/compiler/msp430-gcc-8.3.1.25_win64/bin/../lib/gcc/msp430-elf/8.3.1/../../../../msp430-elf/lib/430\libc.a(lib_a-memset.o)
 .data          0x0000000000000000        0x0 c:/ti/ccs1000/ccs/tools/compiler/msp430-gcc-8.3.1.25_win64/bin/../lib/gcc/msp430-elf/8.3.1/../../../../msp430-elf/lib/430\libc.a(lib_a-memset.o)
 .bss           0x0000000000000000        0x0 c:/ti/ccs1000/ccs/tools/compiler/msp430-gcc-8.3.1.25_win64/bin/../lib/gcc/msp430-elf/8.3.1/../../../../msp430-elf/lib/430\libc.a(lib_a-memset.o)
 .text          0x0000000000000000        0x0 c:/ti/ccs1000/ccs/tools/compiler/msp430-gcc-8.3.1.25_win64/bin/../lib/gcc/msp430-elf/8.3.1/430/crtend_no_eh.o
 .data          0x0000000000000000        0x0 c:/ti/ccs1000/ccs/tools/compiler/msp430-gcc-8.3.1.25_win64/bin/../lib/gcc/msp430-elf/8.3.1/430/crtend_no_eh.o
 .bss           0x0000000000000000        0x0 c:/ti/ccs1000/ccs/tools/compiler/msp430-gcc-8.3.1.25_win64/bin/../lib/gcc/msp430-elf/8.3.1/430/crtend_no_eh.o

Memory Configuration

Name             Origin             Length             Attributes
SFR              0x0000000000000000 0x0000000000000010
RAM              0x0000000000000200 0x0000000000000200
INFOMEM          0x0000000000001000 0x0000000000000100
INFOA            0x00000000000010c0 0x0000000000000040
INFOB            0x0000000000001080 0x0000000000000040
INFOC            0x0000000000001040 0x0000000000000040
INFOD            0x0000000000001000 0x0000000000000040
ROM              0x000000000000c000 0x0000000000003fde xr
BSLSIGNATURE     0x000000000000ffde 0x0000000000000002
VECT1            0x000000000000ffe0 0x0000000000000002
VECT2            0x000000000000ffe2 0x0000000000000002
VECT3            0x000000000000ffe4 0x0000000000000002
VECT4            0x000000000000ffe6 0x0000000000000002
VECT5            0x000000000000ffe8 0x0000000000000002
VECT6            0x000000000000ffea 0x0000000000000002
VECT7            0x000000000000ffec 0x0000000000000002
VECT8            0x000000000000ffee 0x0000000000000002
VECT9            0x000000000000fff0 0x0000000000000002
VECT10           0x000000000000fff2 0x0000000000000002
VECT11           0x000000000000fff4 0x0000000000000002
VECT12           0x000000000000fff6 0x0000000000000002
VECT13           0x000000000000fff8 0x0000000000000002
VECT14           0x000000000000fffa 0x0000000000000002
VECT15           0x000000000000fffc 0x0000000000000002
RESETVEC         0x000000000000fffe 0x0000000000000002
*default*        0x0000000000000000 0xffffffffffffffff

Linker script and memory map

LOAD c:/ti/ccs1000/ccs/tools/compiler/msp430-gcc-8.3.1.25_win64/bin/../lib/gcc/msp430-elf/8.3.1/../../../../msp430-elf/lib/430/crt0.o
LOAD c:/ti/ccs1000/ccs/tools/compiler/msp430-gcc-8.3.1.25_win64/bin/../lib/gcc/msp430-elf/8.3.1/430/crtbegin_no_eh.o
LOAD ./Source/CTS_HAL.o
LOAD ./Source/CTS_Layer.o
LOAD ./Source/main.o
LOAD ./Source/structure.o
LOAD ./Source/ws2812.o
START GROUP
LOAD c:/ti/ccs1000/ccs/tools/compiler/msp430-gcc-8.3.1.25_win64/bin/../lib/gcc/msp430-elf/8.3.1/430\libgcc.a
LOAD c:/ti/ccs1000/ccs/tools/compiler/msp430-gcc-8.3.1.25_win64/bin/../lib/gcc/msp430-elf/8.3.1/../../../../msp430-elf/lib/430\libc.a
END GROUP
LOAD c:/ti/ccs1000/ccs/tools/compiler/msp430-gcc-8.3.1.25_win64/bin/../lib/gcc/msp430-elf/8.3.1/430\libgcc.a
START GROUP
LOAD c:/ti/ccs1000/ccs/tools/compiler/msp430-gcc-8.3.1.25_win64/bin/../lib/gcc/msp430-elf/8.3.1/430\libmul_none.a
LOAD c:/ti/ccs1000/ccs/tools/compiler/msp430-gcc-8.3.1.25_win64/bin/../lib/gcc/msp430-elf/8.3.1/../../../../msp430-elf/lib/430\libc.a
LOAD c:/ti/ccs1000/ccs/tools/compiler/msp430-gcc-8.3.1.25_win64/bin/../lib/gcc/msp430-elf/8.3.1/430\libgcc.a
LOAD c:/ti/ccs1000/ccs/tools/compiler/msp430-gcc-8.3.1.25_win64/bin/../lib/gcc/msp430-elf/8.3.1/../../../../msp430-elf/lib/430\libcrt.a
LOAD c:/ti/ccs1000/ccs/tools/compiler/msp430-gcc-8.3.1.25_win64/bin/../lib/gcc/msp430-elf/8.3.1/../../../../msp430-elf/lib/430\libnosys.a
END GROUP
LOAD c:/ti/ccs1000/ccs/tools/compiler/msp430-gcc-8.3.1.25_win64/bin/../lib/gcc/msp430-elf/8.3.1/430\libgcc.a
LOAD c:/ti/ccs1000/ccs/tools/compiler/msp430-gcc-8.3.1.25_win64/bin/../lib/gcc/msp430-elf/8.3.1/430/crtend_no_eh.o
LOAD c:/ti/ccs1000/ccs/tools/compiler/msp430-gcc-8.3.1.25_win64/bin/../lib/gcc/msp430-elf/8.3.1/430\libgcc.a

.bslsignature

__interrupt_vector_1
 *(__interrupt_vector_1)
 *(__interrupt_vector_trapint)
 *(__interrupt_vector_1)
 *(__interrupt_vector_trapint)

__interrupt_vector_2
 *(__interrupt_vector_2)
 *(__interrupt_vector_2)

__interrupt_vector_3
 *(__interrupt_vector_3)
 *(__interrupt_vector_port1)
 *(__interrupt_vector_3)
 *(__interrupt_vector_port1)

__interrupt_vector_4
 *(__interrupt_vector_4)
 *(__interrupt_vector_port2)
 *(__interrupt_vector_4)
 *(__interrupt_vector_port2)

__interrupt_vector_5
 *(__interrupt_vector_5)
 *(__interrupt_vector_5)

__interrupt_vector_6
 *(__interrupt_vector_6)
 *(__interrupt_vector_adc10)
 *(__interrupt_vector_6)
 *(__interrupt_vector_adc10)

__interrupt_vector_7
 *(__interrupt_vector_7)
 *(__interrupt_vector_usciab0tx)
 *(__interrupt_vector_7)
 *(__interrupt_vector_usciab0tx)

__interrupt_vector_8
 *(__interrupt_vector_8)
 *(__interrupt_vector_usciab0rx)
 *(__interrupt_vector_8)
 *(__interrupt_vector_usciab0rx)

__interrupt_vector_9
 *(__interrupt_vector_9)
 *(__interrupt_vector_timer0_a1)
 *(__interrupt_vector_9)
 *(__interrupt_vector_timer0_a1)

__interrupt_vector_10
 *(__interrupt_vector_10)
 *(__interrupt_vector_timer0_a0)
 *(__interrupt_vector_10)
 *(__interrupt_vector_timer0_a0)

__interrupt_vector_11
 *(__interrupt_vector_11)
 *(__interrupt_vector_wdt)
 *(__interrupt_vector_11)
 *(__interrupt_vector_wdt)

__interrupt_vector_12
 *(__interrupt_vector_12)
 *(__interrupt_vector_comparatora)
 *(__interrupt_vector_12)
 *(__interrupt_vector_comparatora)

__interrupt_vector_13
 *(__interrupt_vector_13)
 *(__interrupt_vector_timer1_a1)
 *(__interrupt_vector_13)
 *(__interrupt_vector_timer1_a1)

__interrupt_vector_14
 *(__interrupt_vector_14)
 *(__interrupt_vector_timer1_a0)
 *(__interrupt_vector_14)
 *(__interrupt_vector_timer1_a0)

__interrupt_vector_15
 *(__interrupt_vector_15)
 *(__interrupt_vector_nmi)
 *(__interrupt_vector_15)
 *(__interrupt_vector_nmi)

__reset_vector  0x000000000000fffe        0x2
 *(__interrupt_vector_16)
 *(__interrupt_vector_reset)
 *(.resetvec)
 .resetvec      0x000000000000fffe        0x2 c:/ti/ccs1000/ccs/tools/compiler/msp430-gcc-8.3.1.25_win64/bin/../lib/gcc/msp430-elf/8.3.1/../../../../msp430-elf/lib/430/crt0.o
 *(__interrupt_vector_16)
 *(__interrupt_vector_reset)
 *(.resetvec)

.rodata         0x000000000000c000       0xd6
                0x000000000000c000                . = ALIGN (0x2)
 *(.plt)
 *(.rodata .rodata.* .gnu.linkonce.r.* .const .const:*)
 .rodata        0x000000000000c000       0xc6 ./Source/structure.o
                0x000000000000c000                buttonSensor8
                0x000000000000c00c                buttonSensor7
                0x000000000000c018                buttonSensor6
                0x000000000000c024                buttonSensor5
                0x000000000000c030                buttonSensor4
                0x000000000000c03c                buttonSensor3
                0x000000000000c048                buttonSensor2
                0x000000000000c054                buttonSensor1
                0x000000000000c060                buttonSensor0
                0x000000000000c06c                buttonElement8
                0x000000000000c076                buttonElement7
                0x000000000000c080                buttonElement6
                0x000000000000c08a                buttonElement5
                0x000000000000c094                buttonElement4
                0x000000000000c09e                buttonElement3
                0x000000000000c0a8                buttonElement2
                0x000000000000c0b2                buttonElement1
                0x000000000000c0bc                buttonElement0
 .rodata        0x000000000000c0c6       0x10 ./Source/ws2812.o
 *(.rodata1)
 *(.gcc_except_table)
 *(.gcc_except_table.*)
                [!provide]                        PROVIDE (__preinit_array_start, .)
 *(.preinit_array)
                [!provide]                        PROVIDE (__preinit_array_end, .)
                [!provide]                        PROVIDE (__init_array_start, .)
 *(SORT(.init_array.*))
 *(.init_array)
                [!provide]                        PROVIDE (__init_array_end, .)
                [!provide]                        PROVIDE (__fini_array_start, .)
 *(.fini_array)
 *(SORT(.fini_array.*))
                [!provide]                        PROVIDE (__fini_array_end, .)
                0x000000000000c0d6                . = ALIGN (0x2)
 *(.plt)
 *(.rodata .rodata.* .gnu.linkonce.r.* .const .const:*)
 *(.rodata1)
 *(.gcc_except_table)
 *(.gcc_except_table.*)
                [!provide]                        PROVIDE (__preinit_array_start, .)
 *(.preinit_array)
                [!provide]                        PROVIDE (__preinit_array_end, .)
                [!provide]                        PROVIDE (__init_array_start, .)
 *(SORT(.init_array.*))
 *(.init_array)
                [!provide]                        PROVIDE (__init_array_end, .)
                [!provide]                        PROVIDE (__fini_array_start, .)
 *(.fini_array)
 *(SORT(.fini_array.*))
                [!provide]                        PROVIDE (__fini_array_end, .)

.rodata2        0x000000000000c0d6        0x4
                0x000000000000c0d6                . = ALIGN (0x2)
 *(.eh_frame_hdr)
 *(.eh_frame)
 .eh_frame      0x000000000000c0d6        0x4 c:/ti/ccs1000/ccs/tools/compiler/msp430-gcc-8.3.1.25_win64/bin/../lib/gcc/msp430-elf/8.3.1/430/crtend_no_eh.o
 *crtbegin*.o(.ctors)
 *(EXCLUDE_FILE(*crtend*.o) .ctors)
 *(SORT(.ctors.*))
 *(.ctors)
 *crtbegin*.o(.dtors)
 *(EXCLUDE_FILE(*crtend*.o) .dtors)
 *(SORT(.dtors.*))
 *(.dtors)
                0x000000000000c0da                . = ALIGN (0x2)
 *(.eh_frame_hdr)
 *(.eh_frame)
 *crtbegin*.o(.ctors)
 *(EXCLUDE_FILE(*crtend*.o) .ctors)
 *(SORT(.ctors.*))
 *(.ctors)
 *crtbegin*.o(.dtors)
 *(EXCLUDE_FILE(*crtend*.o) .dtors)
 *(SORT(.dtors.*))
 *(.dtors)

.text           0x000000000000c0da      0xdfa
                0x000000000000c0da                . = ALIGN (0x2)
                0x000000000000c0da                PROVIDE (_start, .)
 *(SORT(.crt_*))
 .crt_0000start
                0x000000000000c0da        0x4 c:/ti/ccs1000/ccs/tools/compiler/msp430-gcc-8.3.1.25_win64/bin/../lib/gcc/msp430-elf/8.3.1/../../../../msp430-elf/lib/430/crt0.o
                0x000000000000c0da                __crt0_start
 .crt_0100init_bss
                0x000000000000c0de        0xe c:/ti/ccs1000/ccs/tools/compiler/msp430-gcc-8.3.1.25_win64/bin/../lib/gcc/msp430-elf/8.3.1/../../../../msp430-elf/lib/430\libcrt.a(crt_bss.o)
                0x000000000000c0de                __crt0_init_bss
 .crt_0300movedata
                0x000000000000c0ec       0x14 c:/ti/ccs1000/ccs/tools/compiler/msp430-gcc-8.3.1.25_win64/bin/../lib/gcc/msp430-elf/8.3.1/../../../../msp430-elf/lib/430\libcrt.a(crt_movedata.o)
                0x000000000000c0ec                __crt0_movedata
 .crt_0800call_main
                0x000000000000c100        0x6 c:/ti/ccs1000/ccs/tools/compiler/msp430-gcc-8.3.1.25_win64/bin/../lib/gcc/msp430-elf/8.3.1/../../../../msp430-elf/lib/430\libcrt.a(crt_main.o)
                0x000000000000c100                __crt0_call_main
 *(.lowtext .text .stub .text.* .gnu.linkonce.t.* .text:*)
 .text          0x000000000000c106      0x13c ./Source/CTS_HAL.o
                0x000000000000c106                TI_CTS_fRO_PINOSC_TA0_TA1_HAL
                0x000000000000c23a                TIMER0_A0_ISR
 .text          0x000000000000c242      0x648 ./Source/CTS_Layer.o
                0x000000000000c242                TI_CAPT_Raw
                0x000000000000c252                TI_CAPT_Init_Baseline
                0x000000000000c26c                TI_CAPT_Update_Baseline
                0x000000000000c2fe                TI_CAPT_Reset_Tracking
                0x000000000000c306                TI_CAPT_Update_Tracking_DOI
                0x000000000000c31e                TI_CAPT_Update_Tracking_Rate
                0x000000000000c332                TI_CAPT_Custom
                0x000000000000c704                TI_CAPT_Button
                0x000000000000c714                TI_CAPT_Buttons
                0x000000000000c7ea                Dominant_Element
 .text          0x000000000000c88a      0x2b2 ./Source/main.o
                0x000000000000c88a                setColorsShowStrip
                0x000000000000c916                UART_TX
                0x000000000000c930                uart_putchar
                0x000000000000c93e                uart_getchar
                0x000000000000c950                runCapTouch
                0x000000000000c9da                InitCapSenseButtons
                0x000000000000ca80                main
 .text          0x000000000000cb3c      0x1ea ./Source/ws2812.o
                0x000000000000cb3c                initStrip
                0x000000000000cba4                setLEDColor
                0x000000000000cbd6                showStrip
                0x000000000000cc76                clearStrip
                0x000000000000ccb8                fillStrip
 .text.udivmodhi4
                0x000000000000cd26       0x40 c:/ti/ccs1000/ccs/tools/compiler/msp430-gcc-8.3.1.25_win64/bin/../lib/gcc/msp430-elf/8.3.1/430\libgcc.a(lib2divHI.o)
                0x000000000000cd26                udivmodhi4
 .text.__udivhi3
                0x000000000000cd66        0x8 c:/ti/ccs1000/ccs/tools/compiler/msp430-gcc-8.3.1.25_win64/bin/../lib/gcc/msp430-elf/8.3.1/430\libgcc.a(lib2divHI.o)
                0x000000000000cd66                __mspabi_divu
 .text          0x000000000000cd6e       0x10 c:/ti/ccs1000/ccs/tools/compiler/msp430-gcc-8.3.1.25_win64/bin/../lib/gcc/msp430-elf/8.3.1/430\libgcc.a(epilogue.o)
                0x000000000000cd6e                __mspabi_func_epilog_7
                0x000000000000cd70                __mspabi_func_epilog_6
                0x000000000000cd72                __mspabi_func_epilog_5
                0x000000000000cd74                __mspabi_func_epilog_4
                0x000000000000cd76                __mspabi_func_epilog_3
                0x000000000000cd78                __mspabi_func_epilog_2
                0x000000000000cd7a                __mspabi_func_epilog_1
 .text.__mspabi_slli
                0x000000000000cd7e        0xa c:/ti/ccs1000/ccs/tools/compiler/msp430-gcc-8.3.1.25_win64/bin/../lib/gcc/msp430-elf/8.3.1/430\libgcc.a(slli.o)
                0x000000000000cd82                __mspabi_slli
 .text.__mspabi_srai
                0x000000000000cd88        0xa c:/ti/ccs1000/ccs/tools/compiler/msp430-gcc-8.3.1.25_win64/bin/../lib/gcc/msp430-elf/8.3.1/430\libgcc.a(srai.o)
                0x000000000000cd8c                __mspabi_srai
 .text.__mspabi_srli_n
                0x000000000000cd92       0x3e c:/ti/ccs1000/ccs/tools/compiler/msp430-gcc-8.3.1.25_win64/bin/../lib/gcc/msp430-elf/8.3.1/430\libgcc.a(srli.o)
                0x000000000000cd92                __mspabi_srli_15
                0x000000000000cd96                __mspabi_srli_14
                0x000000000000cd9a                __mspabi_srli_13
                0x000000000000cd9e                __mspabi_srli_12
                0x000000000000cda2                __mspabi_srli_11
                0x000000000000cda6                __mspabi_srli_10
                0x000000000000cdaa                __mspabi_srli_9
                0x000000000000cdae                __mspabi_srli_8
                0x000000000000cdb2                __mspabi_srli_7
                0x000000000000cdb6                __mspabi_srli_6
                0x000000000000cdba                __mspabi_srli_5
                0x000000000000cdbe                __mspabi_srli_4
                0x000000000000cdc2                __mspabi_srli_3
                0x000000000000cdc6                __mspabi_srli_2
                0x000000000000cdca                __mspabi_srli_1
 .text.__mspabi_srll_n
                0x000000000000cdd0       0x5c c:/ti/ccs1000/ccs/tools/compiler/msp430-gcc-8.3.1.25_win64/bin/../lib/gcc/msp430-elf/8.3.1/430\libgcc.a(srli.o)
                0x000000000000cdd0                __mspabi_srll_15
                0x000000000000cdd6                __mspabi_srll_14
                0x000000000000cddc                __mspabi_srll_13
                0x000000000000cde2                __mspabi_srll_12
                0x000000000000cde8                __mspabi_srll_11
                0x000000000000cdee                __mspabi_srll_10
                0x000000000000cdf4                __mspabi_srll_9
                0x000000000000cdfa                __mspabi_srll_8
                0x000000000000ce00                __mspabi_srll_7
                0x000000000000ce06                __mspabi_srll_6
                0x000000000000ce0c                __mspabi_srll_5
                0x000000000000ce12                __mspabi_srll_4
                0x000000000000ce18                __mspabi_srll_3
                0x000000000000ce1e                __mspabi_srll_2
                0x000000000000ce24                __mspabi_srll_1
 .text.__mulhi3
                0x000000000000ce2c       0x46 c:/ti/ccs1000/ccs/tools/compiler/msp430-gcc-8.3.1.25_win64/bin/../lib/gcc/msp430-elf/8.3.1/430\libmul_none.a(mpy.o)
                0x000000000000ce2c                __mspabi_mpyi
 .text.memmove  0x000000000000ce72       0x4e c:/ti/ccs1000/ccs/tools/compiler/msp430-gcc-8.3.1.25_win64/bin/../lib/gcc/msp430-elf/8.3.1/../../../../msp430-elf/lib/430\libc.a(lib_a-memmove.o)
                0x000000000000ce72                memmove
 .text.memset   0x000000000000cec0       0x14 c:/ti/ccs1000/ccs/tools/compiler/msp430-gcc-8.3.1.25_win64/bin/../lib/gcc/msp430-elf/8.3.1/../../../../msp430-elf/lib/430\libc.a(lib_a-memset.o)
                0x000000000000cec0                memset
 *(.text.*personality*)
 *(.gnu.warning)
 *(.interp .hash .dynsym .dynstr .gnu.version*)
                [!provide]                        PROVIDE (__etext, .)
                [!provide]                        PROVIDE (_etext, .)
                [!provide]                        PROVIDE (etext, .)
                0x000000000000ced4                . = ALIGN (0x2)
 *(.init)
 *(.fini)
 *(.tm_clone_table)
                0x000000000000ced4                . = ALIGN (0x2)
                [!provide]                        PROVIDE (_start, .)
 *(SORT(.crt_*))
 *(.lowtext .text .stub .text.* .gnu.linkonce.t.* .text:*)
 *(.text.*personality*)
 *(.gnu.warning)
 *(.interp .hash .dynsym .dynstr .gnu.version*)
                [!provide]                        PROVIDE (__etext, .)
                [!provide]                        PROVIDE (_etext, .)
                [!provide]                        PROVIDE (etext, .)
                0x000000000000ced4                . = ALIGN (0x2)
 *(.init)
 *(.fini)
 *(.tm_clone_table)

.data           0x0000000000000200       0x12 load address 0x000000000000ced4
                0x0000000000000200                . = ALIGN (0x2)
                0x0000000000000200                PROVIDE (__datastart, .)
 *(.jcr)
 *(.data.rel.ro.local)
 *(.data.rel.ro*)
 *(.dynamic)
 *(.data .data.* .gnu.linkonce.d.*)
 .data          0x0000000000000200        0x2 ./Source/CTS_Layer.o
                0x0000000000000200                ctsStatusReg
 .data          0x0000000000000202       0x10 ./Source/main.o
                0x0000000000000202                litSquares
                0x000000000000020b                state
                0x000000000000020c                trash
                0x000000000000020d                flag
                0x000000000000020e                color
                0x000000000000020f                square
                0x0000000000000210                i
 *(.gnu.linkonce.d.*personality*)
 *(.data1)
 *(.got.plt)
 *(.got)
                0x0000000000000212                . = ALIGN (0x2)
 *(.sdata .sdata.* .gnu.linkonce.s.* D_2 D_1)
                0x0000000000000212                . = ALIGN (0x2)
                0x0000000000000212                _edata = .
                [!provide]                        PROVIDE (edata, .)
                [!provide]                        PROVIDE (__dataend, .)
                0x0000000000000212                . = ALIGN (0x2)
                [!provide]                        PROVIDE (__datastart, .)
 *(.jcr)
 *(.data.rel.ro.local)
 *(.data.rel.ro*)
 *(.dynamic)
 *(.data .data.* .gnu.linkonce.d.*)
 *(.gnu.linkonce.d.*personality*)
 *(.data1)
 *(.got.plt)
 *(.got)
                0x0000000000000212                . = ALIGN (0x2)
 *(.sdata .sdata.* .gnu.linkonce.s.* D_2 D_1)
                0x0000000000000212                . = ALIGN (0x2)
                0x0000000000000212                _edata = .
                [!provide]                        PROVIDE (edata, .)
                [!provide]                        PROVIDE (__dataend, .)
                0x000000000000ced4                PROVIDE (__romdatastart, LOADADDR (.data))
                0x0000000000000012                PROVIDE (__romdatacopysize, SIZEOF (.data))

.bss            0x0000000000000212       0x48 load address 0x000000000000cee6
                0x0000000000000212                . = ALIGN (0x2)
                0x0000000000000212                PROVIDE (__bssstart, .)
 *(.dynbss)
 *(.sbss .sbss.*)
 *(.bss .bss.* .gnu.linkonce.b.*)
 .bss           0x0000000000000212       0x34 ./Source/ws2812.o
                0x0000000000000246                . = ALIGN (0x2)
 *(COMMON)
 COMMON         0x0000000000000246       0x14 ./Source/CTS_Layer.o
                0x0000000000000246                measCnt
                0x0000000000000248                baseCnt
                [!provide]                        PROVIDE (__bssend, .)
                0x000000000000025a                . = ALIGN (0x2)
                [!provide]                        PROVIDE (__bssstart, .)
 *(.dynbss)
 *(.sbss .sbss.*)
 *(.bss .bss.* .gnu.linkonce.b.*)
                0x000000000000025a                . = ALIGN (0x2)
 *(COMMON)
                [!provide]                        PROVIDE (__bssend, .)
                0x0000000000000048                PROVIDE (__bsssize, SIZEOF (.bss))

.noinit         0x000000000000025a        0x0 load address 0x000000000000cee6
                0x000000000000025a                . = ALIGN (0x2)
                [!provide]                        PROVIDE (__noinit_start, .)
 *(.noinit)
                0x000000000000025a                . = ALIGN (0x2)
                [!provide]                        PROVIDE (__noinit_end, .)
                0x000000000000025a                end = .
                0x000000000000025a                . = ALIGN (0x2)
                [!provide]                        PROVIDE (__noinit_start, .)
 *(.noinit)
                0x000000000000025a                . = ALIGN (0x2)
                [!provide]                        PROVIDE (__noinit_end, .)
                0x000000000000025a                end = .

.heap           0x000000000000025a        0x8 load address 0x000000000000cee6
                0x000000000000025a                . = ALIGN (0x2)
                0x000000000000025a                __heap_start__ = .
                0x000000000000025e                _end = __heap_start__
                [!provide]                        PROVIDE (end, .)
 *(.heap)
                0x000000000000025a                _end = .
                [!provide]                        PROVIDE (end, .)
                0x000000000000025a        0x4 LONG 0x0
                0x000000000000025e                __heap_end__ = .
                0x0000000000000262                __HeapLimit = __heap_end__
                0x000000000000025e                . = ALIGN (0x2)
                0x000000000000025e                __heap_start__ = .
                0x000000000000025e                _end = __heap_start__
                [!provide]                        PROVIDE (end, .)
 *(.heap)
                0x000000000000025e                _end = .
                [!provide]                        PROVIDE (end, .)
                0x000000000000025e        0x4 LONG 0x0
                0x0000000000000262                __heap_end__ = .
                0x0000000000000262                __HeapLimit = __heap_end__

.stack          0x0000000000000400        0x0
                0x0000000000000400                PROVIDE (__stack, .)
 *(.stack)
                [!provide]                        PROVIDE (__stack, .)
 *(.stack)

.infoA

.infoB

.infoC

.infoD

.MSP430.attributes
                0x0000000000000000       0x17
 *(.MSP430.attributes)
 .MSP430.attributes
                0x0000000000000000       0x17 c:/ti/ccs1000/ccs/tools/compiler/msp430-gcc-8.3.1.25_win64/bin/../lib/gcc/msp430-elf/8.3.1/../../../../msp430-elf/lib/430/crt0.o
 .MSP430.attributes
                0x0000000000000017       0x17 c:/ti/ccs1000/ccs/tools/compiler/msp430-gcc-8.3.1.25_win64/bin/../lib/gcc/msp430-elf/8.3.1/430/crtbegin_no_eh.o
 .MSP430.attributes
                0x000000000000002e       0x17 ./Source/CTS_HAL.o
 .MSP430.attributes
                0x0000000000000045       0x17 ./Source/CTS_Layer.o
 .MSP430.attributes
                0x000000000000005c       0x17 ./Source/main.o
 .MSP430.attributes
                0x0000000000000073       0x17 ./Source/structure.o
 .MSP430.attributes
                0x000000000000008a       0x17 ./Source/ws2812.o
 .MSP430.attributes
                0x00000000000000a1       0x17 c:/ti/ccs1000/ccs/tools/compiler/msp430-gcc-8.3.1.25_win64/bin/../lib/gcc/msp430-elf/8.3.1/430\libgcc.a(lib2divHI.o)
 .MSP430.attributes
                0x00000000000000b8       0x17 c:/ti/ccs1000/ccs/tools/compiler/msp430-gcc-8.3.1.25_win64/bin/../lib/gcc/msp430-elf/8.3.1/430\libgcc.a(epilogue.o)
 .MSP430.attributes
                0x00000000000000cf       0x17 c:/ti/ccs1000/ccs/tools/compiler/msp430-gcc-8.3.1.25_win64/bin/../lib/gcc/msp430-elf/8.3.1/430\libgcc.a(slli.o)
 .MSP430.attributes
                0x00000000000000e6       0x17 c:/ti/ccs1000/ccs/tools/compiler/msp430-gcc-8.3.1.25_win64/bin/../lib/gcc/msp430-elf/8.3.1/430\libgcc.a(srai.o)
 .MSP430.attributes
                0x00000000000000fd       0x17 c:/ti/ccs1000/ccs/tools/compiler/msp430-gcc-8.3.1.25_win64/bin/../lib/gcc/msp430-elf/8.3.1/430\libgcc.a(srli.o)
 .MSP430.attributes
                0x0000000000000114       0x17 c:/ti/ccs1000/ccs/tools/compiler/msp430-gcc-8.3.1.25_win64/bin/../lib/gcc/msp430-elf/8.3.1/430\libmul_none.a(mpy.o)
 .MSP430.attributes
                0x000000000000012b       0x17 c:/ti/ccs1000/ccs/tools/compiler/msp430-gcc-8.3.1.25_win64/bin/../lib/gcc/msp430-elf/8.3.1/../../../../msp430-elf/lib/430\libcrt.a(crt_bss.o)
 .MSP430.attributes
                0x0000000000000142       0x17 c:/ti/ccs1000/ccs/tools/compiler/msp430-gcc-8.3.1.25_win64/bin/../lib/gcc/msp430-elf/8.3.1/../../../../msp430-elf/lib/430\libcrt.a(crt_movedata.o)
 .MSP430.attributes
                0x0000000000000159       0x17 c:/ti/ccs1000/ccs/tools/compiler/msp430-gcc-8.3.1.25_win64/bin/../lib/gcc/msp430-elf/8.3.1/../../../../msp430-elf/lib/430\libcrt.a(crt_main.o)
 .MSP430.attributes
                0x0000000000000170       0x17 c:/ti/ccs1000/ccs/tools/compiler/msp430-gcc-8.3.1.25_win64/bin/../lib/gcc/msp430-elf/8.3.1/../../../../msp430-elf/lib/430\libc.a(lib_a-memmove.o)
 .MSP430.attributes
                0x0000000000000187       0x17 c:/ti/ccs1000/ccs/tools/compiler/msp430-gcc-8.3.1.25_win64/bin/../lib/gcc/msp430-elf/8.3.1/../../../../msp430-elf/lib/430\libc.a(lib_a-memset.o)
 .MSP430.attributes
                0x000000000000019e       0x17 c:/ti/ccs1000/ccs/tools/compiler/msp430-gcc-8.3.1.25_win64/bin/../lib/gcc/msp430-elf/8.3.1/430/crtend_no_eh.o
 *(.gnu.attributes)
 *(__TI_build_attributes)
 *(.MSP430.attributes)
 *(.gnu.attributes)
 *(__TI_build_attributes)

.stab
 *(.stab)
 *(.stab)

.stabstr
 *(.stabstr)
 *(.stabstr)

.stab.excl
 *(.stab.excl)
 *(.stab.excl)

.stab.exclstr
 *(.stab.exclstr)
 *(.stab.exclstr)

.stab.index
 *(.stab.index)
 *(.stab.index)

.stab.indexstr
 *(.stab.indexstr)
 *(.stab.indexstr)

.comment        0x0000000000000000       0x39
 *(.comment)
 .comment       0x0000000000000000       0x39 c:/ti/ccs1000/ccs/tools/compiler/msp430-gcc-8.3.1.25_win64/bin/../lib/gcc/msp430-elf/8.3.1/430/crtbegin_no_eh.o
                                         0x3a (size before relaxing)
 .comment       0x0000000000000039       0x3a ./Source/CTS_HAL.o
 .comment       0x0000000000000039       0x3a ./Source/CTS_Layer.o
 .comment       0x0000000000000039       0x3a ./Source/main.o
 .comment       0x0000000000000039       0x3a ./Source/structure.o
 .comment       0x0000000000000039       0x3a ./Source/ws2812.o
 .comment       0x0000000000000039       0x3a c:/ti/ccs1000/ccs/tools/compiler/msp430-gcc-8.3.1.25_win64/bin/../lib/gcc/msp430-elf/8.3.1/430\libgcc.a(lib2divHI.o)
 .comment       0x0000000000000039       0x3a c:/ti/ccs1000/ccs/tools/compiler/msp430-gcc-8.3.1.25_win64/bin/../lib/gcc/msp430-elf/8.3.1/430\libmul_none.a(mpy.o)
 .comment       0x0000000000000039       0x3a c:/ti/ccs1000/ccs/tools/compiler/msp430-gcc-8.3.1.25_win64/bin/../lib/gcc/msp430-elf/8.3.1/../../../../msp430-elf/lib/430\libc.a(lib_a-memmove.o)
 .comment       0x0000000000000039       0x3a c:/ti/ccs1000/ccs/tools/compiler/msp430-gcc-8.3.1.25_win64/bin/../lib/gcc/msp430-elf/8.3.1/../../../../msp430-elf/lib/430\libc.a(lib_a-memset.o)
 .comment       0x0000000000000039       0x3a c:/ti/ccs1000/ccs/tools/compiler/msp430-gcc-8.3.1.25_win64/bin/../lib/gcc/msp430-elf/8.3.1/430/crtend_no_eh.o
 *(.comment)

.debug
 *(.debug)
 *(.debug)

.line
 *(.line)
 *(.line)

.debug_srcinfo
 *(.debug_srcinfo)
 *(.debug_srcinfo)

.debug_sfnames
 *(.debug_sfnames)
 *(.debug_sfnames)

.debug_aranges  0x0000000000000000       0x98
 *(.debug_aranges)
 .debug_aranges
                0x0000000000000000       0x20 ./Source/CTS_HAL.o
 .debug_aranges
                0x0000000000000020       0x20 ./Source/CTS_Layer.o
 .debug_aranges
                0x0000000000000040       0x20 ./Source/main.o
 .debug_aranges
                0x0000000000000060       0x18 ./Source/structure.o
 .debug_aranges
                0x0000000000000078       0x20 ./Source/ws2812.o
 *(.debug_aranges)

.debug_pubnames
 *(.debug_pubnames)
 *(.debug_pubnames)

.debug_info     0x0000000000000000     0x31d7
 *(.debug_info .gnu.linkonce.wi.*)
 .debug_info    0x0000000000000000      0x8d5 ./Source/CTS_HAL.o
 .debug_info    0x00000000000008d5      0xb83 ./Source/CTS_Layer.o
 .debug_info    0x0000000000001458      0xae4 ./Source/main.o
 .debug_info    0x0000000000001f3c      0x8e4 ./Source/structure.o
 .debug_info    0x0000000000002820      0x9b7 ./Source/ws2812.o
 *(.debug_info .gnu.linkonce.wi.*)

.debug_abbrev   0x0000000000000000      0x8ba
 *(.debug_abbrev)
 .debug_abbrev  0x0000000000000000      0x14b ./Source/CTS_HAL.o
 .debug_abbrev  0x000000000000014b      0x214 ./Source/CTS_Layer.o
 .debug_abbrev  0x000000000000035f      0x263 ./Source/main.o
 .debug_abbrev  0x00000000000005c2       0xdb ./Source/structure.o
 .debug_abbrev  0x000000000000069d      0x21d ./Source/ws2812.o
 *(.debug_abbrev)

.debug_line     0x0000000000000000     0x1fb3
 *(.debug_line .debug_line.* .debug_line_end)
 .debug_line    0x0000000000000000      0x47c ./Source/CTS_HAL.o
 .debug_line    0x000000000000047c      0xd04 ./Source/CTS_Layer.o
 .debug_line    0x0000000000001180      0x738 ./Source/main.o
 .debug_line    0x00000000000018b8      0x14d ./Source/structure.o
 .debug_line    0x0000000000001a05      0x5ae ./Source/ws2812.o
 *(.debug_line .debug_line.* .debug_line_end)

.debug_frame    0x0000000000000000      0x4a8
 *(.debug_frame)
 .debug_frame   0x0000000000000000       0x7c ./Source/CTS_HAL.o
 .debug_frame   0x000000000000007c      0x1cc ./Source/CTS_Layer.o
 .debug_frame   0x0000000000000248      0x118 ./Source/main.o
 .debug_frame   0x0000000000000360      0x148 ./Source/ws2812.o
 *(.debug_frame)

.debug_str      0x0000000000000000      0xa93
 *(.debug_str)
 .debug_str     0x0000000000000000      0x663 ./Source/CTS_HAL.o
                                        0x6e0 (size before relaxing)
 .debug_str     0x0000000000000663      0x171 ./Source/CTS_Layer.o
                                        0x76c (size before relaxing)
 .debug_str     0x00000000000007d4      0x18f ./Source/main.o
                                        0x78f (size before relaxing)
 .debug_str     0x0000000000000963       0x9d ./Source/structure.o
                                        0x691 (size before relaxing)
 .debug_str     0x0000000000000a00       0x93 ./Source/ws2812.o
                                        0x596 (size before relaxing)
 *(.debug_str)

.debug_loc      0x0000000000000000      0x753
 *(.debug_loc)
 .debug_loc     0x0000000000000000       0xa9 ./Source/CTS_HAL.o
 .debug_loc     0x00000000000000a9      0x414 ./Source/CTS_Layer.o
 .debug_loc     0x00000000000004bd       0xaf ./Source/main.o
 .debug_loc     0x000000000000056c      0x1e7 ./Source/ws2812.o
 *(.debug_loc)

.debug_macinfo
 *(.debug_macinfo)
 *(.debug_macinfo)

.debug_weaknames
 *(.debug_weaknames)
 *(.debug_weaknames)

.debug_funcnames
 *(.debug_funcnames)
 *(.debug_funcnames)

.debug_typenames
 *(.debug_typenames)
 *(.debug_typenames)

.debug_varnames
 *(.debug_varnames)
 *(.debug_varnames)

/DISCARD/
 *(.note.GNU-stack)
 *(.note.GNU-stack)
                [!provide]                        PROVIDE (IE1, 0x0)
                [!provide]                        PROVIDE (IFG1, 0x2)
                [!provide]                        PROVIDE (IE2, 0x1)
                0x0000000000000003                PROVIDE (IFG2, 0x3)
                [!provide]                        PROVIDE (ADC10DTC0, 0x48)
                [!provide]                        PROVIDE (ADC10DTC1, 0x49)
                [!provide]                        PROVIDE (ADC10AE0, 0x4a)
                [!provide]                        PROVIDE (ADC10CTL0, 0x1b0)
                [!provide]                        PROVIDE (ADC10CTL1, 0x1b2)
                [!provide]                        PROVIDE (ADC10MEM, 0x1b4)
                [!provide]                        PROVIDE (ADC10SA, 0x1bc)
                0x0000000000000056                PROVIDE (DCOCTL, 0x56)
                0x0000000000000057                PROVIDE (BCSCTL1, 0x57)
                [!provide]                        PROVIDE (BCSCTL2, 0x58)
                [!provide]                        PROVIDE (BCSCTL3, 0x53)
                [!provide]                        PROVIDE (CACTL1, 0x59)
                [!provide]                        PROVIDE (CACTL2, 0x5a)
                [!provide]                        PROVIDE (CAPD, 0x5b)
                [!provide]                        PROVIDE (FCTL1, 0x128)
                [!provide]                        PROVIDE (FCTL2, 0x12a)
                [!provide]                        PROVIDE (FCTL3, 0x12c)
                [!provide]                        PROVIDE (P1IN, 0x20)
                [!provide]                        PROVIDE (P1OUT, 0x21)
                [!provide]                        PROVIDE (P1DIR, 0x22)
                [!provide]                        PROVIDE (P1IFG, 0x23)
                [!provide]                        PROVIDE (P1IES, 0x24)
                [!provide]                        PROVIDE (P1IE, 0x25)
                0x0000000000000026                PROVIDE (P1SEL, 0x26)
                0x0000000000000041                PROVIDE (P1SEL2, 0x41)
                [!provide]                        PROVIDE (P1REN, 0x27)
                [!provide]                        PROVIDE (P2IN, 0x28)
                [!provide]                        PROVIDE (P2OUT, 0x29)
                [!provide]                        PROVIDE (P2DIR, 0x2a)
                [!provide]                        PROVIDE (P2IFG, 0x2b)
                [!provide]                        PROVIDE (P2IES, 0x2c)
                [!provide]                        PROVIDE (P2IE, 0x2d)
                0x000000000000002e                PROVIDE (P2SEL, 0x2e)
                0x0000000000000042                PROVIDE (P2SEL2, 0x42)
                [!provide]                        PROVIDE (P2REN, 0x2f)
                [!provide]                        PROVIDE (P3IN, 0x18)
                [!provide]                        PROVIDE (P3OUT, 0x19)
                [!provide]                        PROVIDE (P3DIR, 0x1a)
                [!provide]                        PROVIDE (P3SEL, 0x1b)
                [!provide]                        PROVIDE (P3SEL2, 0x43)
                [!provide]                        PROVIDE (P3REN, 0x10)
                [!provide]                        PROVIDE (TA0IV, 0x12e)
                0x0000000000000160                PROVIDE (TA0CTL, 0x160)
                0x0000000000000162                PROVIDE (TA0CCTL0, 0x162)
                [!provide]                        PROVIDE (TA0CCTL1, 0x164)
                [!provide]                        PROVIDE (TA0CCTL2, 0x166)
                [!provide]                        PROVIDE (TA0R, 0x170)
                0x0000000000000172                PROVIDE (TA0CCR0, 0x172)
                [!provide]                        PROVIDE (TA0CCR1, 0x174)
                [!provide]                        PROVIDE (TA0CCR2, 0x176)
                [!provide]                        PROVIDE (TA1IV, 0x11e)
                0x0000000000000180                PROVIDE (TA1CTL, 0x180)
                0x0000000000000182                PROVIDE (TA1CCTL0, 0x182)
                [!provide]                        PROVIDE (TA1CCTL1, 0x184)
                [!provide]                        PROVIDE (TA1CCTL2, 0x186)
                [!provide]                        PROVIDE (TA1R, 0x190)
                0x0000000000000192                PROVIDE (TA1CCR0, 0x192)
                [!provide]                        PROVIDE (TA1CCR1, 0x194)
                [!provide]                        PROVIDE (TA1CCR2, 0x196)
                0x0000000000000060                PROVIDE (UCA0CTL0, 0x60)
                0x0000000000000061                PROVIDE (UCA0CTL1, 0x61)
                0x0000000000000062                PROVIDE (UCA0BR0, 0x62)
                0x0000000000000063                PROVIDE (UCA0BR1, 0x63)
                0x0000000000000064                PROVIDE (UCA0MCTL, 0x64)
                0x0000000000000065                PROVIDE (UCA0STAT, 0x65)
                0x0000000000000066                PROVIDE (UCA0RXBUF, 0x66)
                0x0000000000000067                PROVIDE (UCA0TXBUF, 0x67)
                [!provide]                        PROVIDE (UCA0ABCTL, 0x5d)
                [!provide]                        PROVIDE (UCA0IRTCTL, 0x5e)
                [!provide]                        PROVIDE (UCA0IRRCTL, 0x5f)
                0x0000000000000068                PROVIDE (UCB0CTL0, 0x68)
                0x0000000000000069                PROVIDE (UCB0CTL1, 0x69)
                0x000000000000006a                PROVIDE (UCB0BR0, 0x6a)
                0x000000000000006b                PROVIDE (UCB0BR1, 0x6b)
                [!provide]                        PROVIDE (UCB0I2CIE, 0x6c)
                [!provide]                        PROVIDE (UCB0STAT, 0x6d)
                [!provide]                        PROVIDE (UCB0RXBUF, 0x6e)
                0x000000000000006f                PROVIDE (UCB0TXBUF, 0x6f)
                [!provide]                        PROVIDE (UCB0I2COA, 0x118)
                [!provide]                        PROVIDE (UCB0I2CSA, 0x11a)
                0x0000000000000120                PROVIDE (WDTCTL, 0x120)
                0x00000000000010f8                PROVIDE (CALDCO_16MHZ, 0x10f8)
                0x00000000000010f9                PROVIDE (CALBC1_16MHZ, 0x10f9)
                [!provide]                        PROVIDE (CALDCO_12MHZ, 0x10fa)
                [!provide]                        PROVIDE (CALBC1_12MHZ, 0x10fb)
                [!provide]                        PROVIDE (CALDCO_8MHZ, 0x10fc)
                [!provide]                        PROVIDE (CALBC1_8MHZ, 0x10fd)
                [!provide]                        PROVIDE (CALDCO_1MHZ, 0x10fe)
                [!provide]                        PROVIDE (CALBC1_1MHZ, 0x10ff)
                [!provide]                        PROVIDE (TLV_CHECKSUM, 0x10c0)
                [!provide]                        PROVIDE (TLV_DCO_30_TAG, 0x10f6)
                [!provide]                        PROVIDE (TLV_DCO_30_LEN, 0x10f7)
                [!provide]                        PROVIDE (TLV_ADC10_1_TAG, 0x10da)
                [!provide]                        PROVIDE (TLV_ADC10_1_LEN, 0x10db)
                [!provide]                        PROVIDE (__romdatastart, LOADADDR (.data))
                [!provide]                        PROVIDE (__romdatacopysize, SIZEOF (.data))
                [!provide]                        PROVIDE (__bsssize, SIZEOF (.bss))
                [!provide]                        PROVIDE (IE1, 0x0)
                [!provide]                        PROVIDE (IFG1, 0x2)
                [!provide]                        PROVIDE (IE2, 0x1)
                [!provide]                        PROVIDE (IFG2, 0x3)
                [!provide]                        PROVIDE (ADC10DTC0, 0x48)
                [!provide]                        PROVIDE (ADC10DTC1, 0x49)
                [!provide]                        PROVIDE (ADC10AE0, 0x4a)
                [!provide]                        PROVIDE (ADC10CTL0, 0x1b0)
                [!provide]                        PROVIDE (ADC10CTL1, 0x1b2)
                [!provide]                        PROVIDE (ADC10MEM, 0x1b4)
                [!provide]                        PROVIDE (ADC10SA, 0x1bc)
                [!provide]                        PROVIDE (DCOCTL, 0x56)
                [!provide]                        PROVIDE (BCSCTL1, 0x57)
                [!provide]                        PROVIDE (BCSCTL2, 0x58)
                [!provide]                        PROVIDE (BCSCTL3, 0x53)
                [!provide]                        PROVIDE (CACTL1, 0x59)
                [!provide]                        PROVIDE (CACTL2, 0x5a)
                [!provide]                        PROVIDE (CAPD, 0x5b)
                [!provide]                        PROVIDE (FCTL1, 0x128)
                [!provide]                        PROVIDE (FCTL2, 0x12a)
                [!provide]                        PROVIDE (FCTL3, 0x12c)
                [!provide]                        PROVIDE (P1IN, 0x20)
                [!provide]                        PROVIDE (P1OUT, 0x21)
                [!provide]                        PROVIDE (P1DIR, 0x22)
                [!provide]                        PROVIDE (P1IFG, 0x23)
                [!provide]                        PROVIDE (P1IES, 0x24)
                [!provide]                        PROVIDE (P1IE, 0x25)
                [!provide]                        PROVIDE (P1SEL, 0x26)
                [!provide]                        PROVIDE (P1SEL2, 0x41)
                [!provide]                        PROVIDE (P1REN, 0x27)
                [!provide]                        PROVIDE (P2IN, 0x28)
                [!provide]                        PROVIDE (P2OUT, 0x29)
                [!provide]                        PROVIDE (P2DIR, 0x2a)
                [!provide]                        PROVIDE (P2IFG, 0x2b)
                [!provide]                        PROVIDE (P2IES, 0x2c)
                [!provide]                        PROVIDE (P2IE, 0x2d)
                [!provide]                        PROVIDE (P2SEL, 0x2e)
                [!provide]                        PROVIDE (P2SEL2, 0x42)
                [!provide]                        PROVIDE (P2REN, 0x2f)
                [!provide]                        PROVIDE (P3IN, 0x18)
                [!provide]                        PROVIDE (P3OUT, 0x19)
                [!provide]                        PROVIDE (P3DIR, 0x1a)
                [!provide]                        PROVIDE (P3SEL, 0x1b)
                [!provide]                        PROVIDE (P3SEL2, 0x43)
                [!provide]                        PROVIDE (P3REN, 0x10)
                [!provide]                        PROVIDE (TA0IV, 0x12e)
                [!provide]                        PROVIDE (TA0CTL, 0x160)
                [!provide]                        PROVIDE (TA0CCTL0, 0x162)
                [!provide]                        PROVIDE (TA0CCTL1, 0x164)
                [!provide]                        PROVIDE (TA0CCTL2, 0x166)
                [!provide]                        PROVIDE (TA0R, 0x170)
                [!provide]                        PROVIDE (TA0CCR0, 0x172)
                [!provide]                        PROVIDE (TA0CCR1, 0x174)
                [!provide]                        PROVIDE (TA0CCR2, 0x176)
                [!provide]                        PROVIDE (TA1IV, 0x11e)
                [!provide]                        PROVIDE (TA1CTL, 0x180)
                [!provide]                        PROVIDE (TA1CCTL0, 0x182)
                [!provide]                        PROVIDE (TA1CCTL1, 0x184)
                [!provide]                        PROVIDE (TA1CCTL2, 0x186)
                [!provide]                        PROVIDE (TA1R, 0x190)
                [!provide]                        PROVIDE (TA1CCR0, 0x192)
                [!provide]                        PROVIDE (TA1CCR1, 0x194)
                [!provide]                        PROVIDE (TA1CCR2, 0x196)
                [!provide]                        PROVIDE (UCA0CTL0, 0x60)
                [!provide]                        PROVIDE (UCA0CTL1, 0x61)
                [!provide]                        PROVIDE (UCA0BR0, 0x62)
                [!provide]                        PROVIDE (UCA0BR1, 0x63)
                [!provide]                        PROVIDE (UCA0MCTL, 0x64)
                [!provide]                        PROVIDE (UCA0STAT, 0x65)
                [!provide]                        PROVIDE (UCA0RXBUF, 0x66)
                [!provide]                        PROVIDE (UCA0TXBUF, 0x67)
                [!provide]                        PROVIDE (UCA0ABCTL, 0x5d)
                [!provide]                        PROVIDE (UCA0IRTCTL, 0x5e)
                [!provide]                        PROVIDE (UCA0IRRCTL, 0x5f)
                [!provide]                        PROVIDE (UCB0CTL0, 0x68)
                [!provide]                        PROVIDE (UCB0CTL1, 0x69)
                [!provide]                        PROVIDE (UCB0BR0, 0x6a)
                [!provide]                        PROVIDE (UCB0BR1, 0x6b)
                [!provide]                        PROVIDE (UCB0I2CIE, 0x6c)
                [!provide]                        PROVIDE (UCB0STAT, 0x6d)
                [!provide]                        PROVIDE (UCB0RXBUF, 0x6e)
                [!provide]                        PROVIDE (UCB0TXBUF, 0x6f)
                [!provide]                        PROVIDE (UCB0I2COA, 0x118)
                [!provide]                        PROVIDE (UCB0I2CSA, 0x11a)
                [!provide]                        PROVIDE (WDTCTL, 0x120)
                [!provide]                        PROVIDE (CALDCO_16MHZ, 0x10f8)
                [!provide]                        PROVIDE (CALBC1_16MHZ, 0x10f9)
                [!provide]                        PROVIDE (CALDCO_12MHZ, 0x10fa)
                [!provide]                        PROVIDE (CALBC1_12MHZ, 0x10fb)
                [!provide]                        PROVIDE (CALDCO_8MHZ, 0x10fc)
                [!provide]                        PROVIDE (CALBC1_8MHZ, 0x10fd)
                [!provide]                        PROVIDE (CALDCO_1MHZ, 0x10fe)
                [!provide]                        PROVIDE (CALBC1_1MHZ, 0x10ff)
                [!provide]                        PROVIDE (TLV_CHECKSUM, 0x10c0)
                [!provide]                        PROVIDE (TLV_DCO_30_TAG, 0x10f6)
                [!provide]                        PROVIDE (TLV_DCO_30_LEN, 0x10f7)
                [!provide]                        PROVIDE (TLV_ADC10_1_TAG, 0x10da)
                [!provide]                        PROVIDE (TLV_ADC10_1_LEN, 0x10db)
OUTPUT(FaceFirmware - CCS.out elf32-msp430)

.debug_ranges   0x0000000000000000      0x140
 .debug_ranges  0x0000000000000000       0x78 ./Source/CTS_Layer.o
 .debug_ranges  0x0000000000000078       0x20 ./Source/main.o
 .debug_ranges  0x0000000000000098       0xa8 ./Source/ws2812.o
